Archive member included because of file (symbol)

c:/eclipse/winavr/bin/../lib/gcc/avr/4.3.3/avr5\libgcc.a(_mulsi3.o)
                              ./HAL/LM35/LM35_program.o (__mulsi3)
c:/eclipse/winavr/bin/../lib/gcc/avr/4.3.3/avr5\libgcc.a(_udivmodqi4.o)
                              ./MCAL/UART/UART_program.o (__udivmodqi4)
c:/eclipse/winavr/bin/../lib/gcc/avr/4.3.3/avr5\libgcc.a(_udivmodhi4.o)
                              ./MCAL/TMR2/TMR2_program.o (__udivmodhi4)
c:/eclipse/winavr/bin/../lib/gcc/avr/4.3.3/avr5\libgcc.a(_udivmodsi4.o)
                              ./MCAL/PWM/PWM_program.o (__udivmodsi4)
c:/eclipse/winavr/bin/../lib/gcc/avr/4.3.3/avr5\libgcc.a(_exit.o)
                              c:/eclipse/winavr/bin/../lib/gcc/avr/4.3.3/../../../../avr/lib/avr5/crtm16.o (exit)
c:/eclipse/winavr/bin/../lib/gcc/avr/4.3.3/avr5\libgcc.a(_copy_data.o)
                              ./SECURITY/SS_program.o (__do_copy_data)
c:/eclipse/winavr/bin/../lib/gcc/avr/4.3.3/avr5\libgcc.a(_clear_bss.o)
                              ./SECURITY/SS_program.o (__do_clear_bss)
c:/eclipse/winavr/bin/../lib/gcc/avr/4.3.3/avr5\libgcc.a(_fixunssfsi.o)
                              ./SECURITY/SS_program.o (__fixunssfsi)
c:/eclipse/winavr/bin/../lib/gcc/avr/4.3.3/avr5\libgcc.a(_addsub_sf.o)
                              ./MCAL/TMR2/TMR2_program.o (__subsf3)
c:/eclipse/winavr/bin/../lib/gcc/avr/4.3.3/avr5\libgcc.a(_mul_sf.o)
                              ./SECURITY/SS_program.o (__mulsf3)
c:/eclipse/winavr/bin/../lib/gcc/avr/4.3.3/avr5\libgcc.a(_div_sf.o)
                              ./MCAL/TMR2/TMR2_program.o (__divsf3)
c:/eclipse/winavr/bin/../lib/gcc/avr/4.3.3/avr5\libgcc.a(_gt_sf.o)
                              ./SECURITY/SS_program.o (__gtsf2)
c:/eclipse/winavr/bin/../lib/gcc/avr/4.3.3/avr5\libgcc.a(_ge_sf.o)
                              c:/eclipse/winavr/bin/../lib/gcc/avr/4.3.3/avr5\libgcc.a(_fixunssfsi.o) (__gesf2)
c:/eclipse/winavr/bin/../lib/gcc/avr/4.3.3/avr5\libgcc.a(_lt_sf.o)
                              ./SECURITY/SS_program.o (__ltsf2)
c:/eclipse/winavr/bin/../lib/gcc/avr/4.3.3/avr5\libgcc.a(_le_sf.o)
                              ./MCAL/PWM/PWM_program.o (__lesf2)
c:/eclipse/winavr/bin/../lib/gcc/avr/4.3.3/avr5\libgcc.a(_sf_to_si.o)
                              c:/eclipse/winavr/bin/../lib/gcc/avr/4.3.3/avr5\libgcc.a(_fixunssfsi.o) (__fixsfsi)
c:/eclipse/winavr/bin/../lib/gcc/avr/4.3.3/avr5\libgcc.a(_thenan_sf.o)
                              c:/eclipse/winavr/bin/../lib/gcc/avr/4.3.3/avr5\libgcc.a(_addsub_sf.o) (__thenan_sf)
c:/eclipse/winavr/bin/../lib/gcc/avr/4.3.3/avr5\libgcc.a(_usi_to_sf.o)
                              ./MCAL/TMR2/TMR2_program.o (__floatunsisf)
c:/eclipse/winavr/bin/../lib/gcc/avr/4.3.3/avr5\libgcc.a(_prologue.o)
                              c:/eclipse/winavr/bin/../lib/gcc/avr/4.3.3/avr5\libgcc.a(_addsub_sf.o) (__prologue_saves__)
c:/eclipse/winavr/bin/../lib/gcc/avr/4.3.3/avr5\libgcc.a(_epilogue.o)
                              c:/eclipse/winavr/bin/../lib/gcc/avr/4.3.3/avr5\libgcc.a(_addsub_sf.o) (__epilogue_restores__)
c:/eclipse/winavr/bin/../lib/gcc/avr/4.3.3/avr5\libgcc.a(_clzsi2.o)
                              c:/eclipse/winavr/bin/../lib/gcc/avr/4.3.3/avr5\libgcc.a(_usi_to_sf.o) (__clzsi2)
c:/eclipse/winavr/bin/../lib/gcc/avr/4.3.3/avr5\libgcc.a(_pack_sf.o)
                              c:/eclipse/winavr/bin/../lib/gcc/avr/4.3.3/avr5\libgcc.a(_addsub_sf.o) (__pack_f)
c:/eclipse/winavr/bin/../lib/gcc/avr/4.3.3/avr5\libgcc.a(_unpack_sf.o)
                              c:/eclipse/winavr/bin/../lib/gcc/avr/4.3.3/avr5\libgcc.a(_addsub_sf.o) (__unpack_f)
c:/eclipse/winavr/bin/../lib/gcc/avr/4.3.3/avr5\libgcc.a(_fpcmp_parts_sf.o)
                              c:/eclipse/winavr/bin/../lib/gcc/avr/4.3.3/avr5\libgcc.a(_gt_sf.o) (__fpcmp_parts_f)
c:/eclipse/winavr/bin/../lib/gcc/avr/4.3.3/avr5\libgcc.a(_clz.o)
                              c:/eclipse/winavr/bin/../lib/gcc/avr/4.3.3/avr5\libgcc.a(_clzsi2.o) (__clz_tab)

Memory Configuration

Name             Origin             Length             Attributes
text             0x00000000         0x00020000         xr
data             0x00800060         0x0000ffa0         rw !x
eeprom           0x00810000         0x00010000         rw !x
fuse             0x00820000         0x00000400         rw !x
lock             0x00830000         0x00000400         rw !x
signature        0x00840000         0x00000400         rw !x
*default*        0x00000000         0xffffffff

Linker script and memory map

LOAD c:/eclipse/winavr/bin/../lib/gcc/avr/4.3.3/../../../../avr/lib/avr5/crtm16.o
LOAD ./SECURITY/SS_program.o
LOAD ./MCAL/UART/UART_program.o
LOAD ./MCAL/TWI/TWI_program.o
LOAD ./MCAL/TMR2/TMR2_program.o
LOAD ./MCAL/TMR0/TMR0_program.o
LOAD ./MCAL/PWM/PWM_program.o
LOAD ./MCAL/GI/GI_program.o
LOAD ./MCAL/DIO/DIO_program.o
LOAD ./MCAL/ADC/ADC_program.o
LOAD ./LIGHT SYSTEM/LS_program.o
LOAD ./HAL/SERVO/SERVO_program.o
LOAD ./HAL/RELAY/RELAY_program.o
LOAD ./HAL/LM35/LM35_program.o
LOAD ./HAL/LED/LED_program.o
LOAD ./HAL/LCD/LCD_program.o
LOAD ./HAL/KPD/KPD_program.o
LOAD ./HAL/EEPROM/EEPROM_program.o
LOAD ./HAL/DCM/DCM_program.o
LOAD ./HAL/BUZZER/BUZZER_program.o
LOAD ./Door/DOOR_program.o
LOAD ./DIMMER/DIMMER_program.o
LOAD ./ALERT SYSTEM/AS_program.o
LOAD ./AIRCONDITION/AC_program.o
LOAD ./main.o
LOAD c:/eclipse/winavr/bin/../lib/gcc/avr/4.3.3/avr5\libgcc.a
LOAD c:/eclipse/winavr/bin/../lib/gcc/avr/4.3.3/../../../../avr/lib/avr5\libc.a
LOAD c:/eclipse/winavr/bin/../lib/gcc/avr/4.3.3/avr5\libgcc.a

.hash
 *(.hash)

.dynsym
 *(.dynsym)

.dynstr
 *(.dynstr)

.gnu.version
 *(.gnu.version)

.gnu.version_d
 *(.gnu.version_d)

.gnu.version_r
 *(.gnu.version_r)

.rel.init
 *(.rel.init)

.rela.init
 *(.rela.init)

.rel.text
 *(.rel.text)
 *(.rel.text.*)
 *(.rel.gnu.linkonce.t*)

.rela.text
 *(.rela.text)
 *(.rela.text.*)
 *(.rela.gnu.linkonce.t*)

.rel.fini
 *(.rel.fini)

.rela.fini
 *(.rela.fini)

.rel.rodata
 *(.rel.rodata)
 *(.rel.rodata.*)
 *(.rel.gnu.linkonce.r*)

.rela.rodata
 *(.rela.rodata)
 *(.rela.rodata.*)
 *(.rela.gnu.linkonce.r*)

.rel.data
 *(.rel.data)
 *(.rel.data.*)
 *(.rel.gnu.linkonce.d*)

.rela.data
 *(.rela.data)
 *(.rela.data.*)
 *(.rela.gnu.linkonce.d*)

.rel.ctors
 *(.rel.ctors)

.rela.ctors
 *(.rela.ctors)

.rel.dtors
 *(.rel.dtors)

.rela.dtors
 *(.rela.dtors)

.rel.got
 *(.rel.got)

.rela.got
 *(.rela.got)

.rel.bss
 *(.rel.bss)

.rela.bss
 *(.rela.bss)

.rel.plt
 *(.rel.plt)

.rela.plt
 *(.rela.plt)

.text           0x00000000     0xb800
 *(.vectors)
 .vectors       0x00000000       0x54 c:/eclipse/winavr/bin/../lib/gcc/avr/4.3.3/../../../../avr/lib/avr5/crtm16.o
                0x00000000                __vectors
                0x00000000                __vector_default
 *(.vectors)
 *(.progmem.gcc*)
 *(.progmem*)
                0x00000054                . = ALIGN (0x2)
                0x00000054                __trampolines_start = .
 *(.trampolines)
 .trampolines   0x00000054        0x0 linker stubs
 *(.trampolines*)
                0x00000054                __trampolines_end = .
 *(.jumptables)
 *(.jumptables*)
 *(.lowtext)
 *(.lowtext*)
                0x00000054                __ctors_start = .
 *(.ctors)
                0x00000054                __ctors_end = .
                0x00000054                __dtors_start = .
 *(.dtors)
                0x00000054                __dtors_end = .
 SORT(*)(.ctors)
 SORT(*)(.dtors)
 *(.init0)
 .init0         0x00000054        0x0 c:/eclipse/winavr/bin/../lib/gcc/avr/4.3.3/../../../../avr/lib/avr5/crtm16.o
                0x00000054                __init
 *(.init0)
 *(.init1)
 *(.init1)
 *(.init2)
 .init2         0x00000054        0xc c:/eclipse/winavr/bin/../lib/gcc/avr/4.3.3/../../../../avr/lib/avr5/crtm16.o
 *(.init2)
 *(.init3)
 *(.init3)
 *(.init4)
 .init4         0x00000060       0x16 c:/eclipse/winavr/bin/../lib/gcc/avr/4.3.3/avr5\libgcc.a(_copy_data.o)
                0x00000060                __do_copy_data
 .init4         0x00000076       0x10 c:/eclipse/winavr/bin/../lib/gcc/avr/4.3.3/avr5\libgcc.a(_clear_bss.o)
                0x00000076                __do_clear_bss
 *(.init4)
 *(.init5)
 *(.init5)
 *(.init6)
 *(.init6)
 *(.init7)
 *(.init7)
 *(.init8)
 *(.init8)
 *(.init9)
 .init9         0x00000086        0x8 c:/eclipse/winavr/bin/../lib/gcc/avr/4.3.3/../../../../avr/lib/avr5/crtm16.o
 *(.init9)
 *(.text)
 .text          0x0000008e        0x4 c:/eclipse/winavr/bin/../lib/gcc/avr/4.3.3/../../../../avr/lib/avr5/crtm16.o
                0x0000008e                __vector_1
                0x0000008e                __vector_12
                0x0000008e                __bad_interrupt
                0x0000008e                __vector_6
                0x0000008e                __vector_3
                0x0000008e                __vector_13
                0x0000008e                __vector_17
                0x0000008e                __vector_19
                0x0000008e                __vector_7
                0x0000008e                __vector_9
                0x0000008e                __vector_2
                0x0000008e                __vector_15
                0x0000008e                __vector_8
                0x0000008e                __vector_14
                0x0000008e                __vector_16
                0x0000008e                __vector_18
                0x0000008e                __vector_20
 .text          0x00000092        0x0 ./SECURITY/SS_program.o
 .text          0x00000092        0x0 ./MCAL/UART/UART_program.o
 .text          0x00000092        0x0 ./MCAL/TWI/TWI_program.o
 .text          0x00000092        0x0 ./MCAL/TMR2/TMR2_program.o
 .text          0x00000092        0x0 ./MCAL/TMR0/TMR0_program.o
 .text          0x00000092        0x0 ./MCAL/PWM/PWM_program.o
 .text          0x00000092        0x0 ./MCAL/GI/GI_program.o
 .text          0x00000092        0x0 ./MCAL/DIO/DIO_program.o
 .text          0x00000092        0x0 ./MCAL/ADC/ADC_program.o
 .text          0x00000092        0x0 ./LIGHT SYSTEM/LS_program.o
 .text          0x00000092        0x0 ./HAL/SERVO/SERVO_program.o
 .text          0x00000092        0x0 ./HAL/RELAY/RELAY_program.o
 .text          0x00000092        0x0 ./HAL/LM35/LM35_program.o
 .text          0x00000092        0x0 ./HAL/LED/LED_program.o
 .text          0x00000092        0x0 ./HAL/LCD/LCD_program.o
 .text          0x00000092        0x0 ./HAL/KPD/KPD_program.o
 .text          0x00000092        0x0 ./HAL/EEPROM/EEPROM_program.o
 .text          0x00000092        0x0 ./HAL/DCM/DCM_program.o
 .text          0x00000092        0x0 ./HAL/BUZZER/BUZZER_program.o
 .text          0x00000092        0x0 ./Door/DOOR_program.o
 .text          0x00000092        0x0 ./DIMMER/DIMMER_program.o
 .text          0x00000092        0x0 ./ALERT SYSTEM/AS_program.o
 .text          0x00000092        0x0 ./AIRCONDITION/AC_program.o
 .text          0x00000092        0x0 ./main.o
 .text          0x00000092        0x0 c:/eclipse/winavr/bin/../lib/gcc/avr/4.3.3/avr5\libgcc.a(_mulsi3.o)
 .text          0x00000092        0x0 c:/eclipse/winavr/bin/../lib/gcc/avr/4.3.3/avr5\libgcc.a(_udivmodqi4.o)
 .text          0x00000092        0x0 c:/eclipse/winavr/bin/../lib/gcc/avr/4.3.3/avr5\libgcc.a(_udivmodhi4.o)
 .text          0x00000092        0x0 c:/eclipse/winavr/bin/../lib/gcc/avr/4.3.3/avr5\libgcc.a(_udivmodsi4.o)
 .text          0x00000092        0x0 c:/eclipse/winavr/bin/../lib/gcc/avr/4.3.3/avr5\libgcc.a(_exit.o)
 .text          0x00000092        0x0 c:/eclipse/winavr/bin/../lib/gcc/avr/4.3.3/avr5\libgcc.a(_copy_data.o)
 .text          0x00000092        0x0 c:/eclipse/winavr/bin/../lib/gcc/avr/4.3.3/avr5\libgcc.a(_clear_bss.o)
 .text          0x00000092       0x58 c:/eclipse/winavr/bin/../lib/gcc/avr/4.3.3/avr5\libgcc.a(_fixunssfsi.o)
                0x00000092                __fixunssfsi
 .text          0x000000ea      0x354 c:/eclipse/winavr/bin/../lib/gcc/avr/4.3.3/avr5\libgcc.a(_addsub_sf.o)
                0x00000382                __subsf3
                0x000003e4                __addsf3
 .text          0x0000043e      0x1f4 c:/eclipse/winavr/bin/../lib/gcc/avr/4.3.3/avr5\libgcc.a(_mul_sf.o)
                0x0000043e                __mulsf3
 .text          0x00000632      0x158 c:/eclipse/winavr/bin/../lib/gcc/avr/4.3.3/avr5\libgcc.a(_div_sf.o)
                0x00000632                __divsf3
 .text          0x0000078a       0x60 c:/eclipse/winavr/bin/../lib/gcc/avr/4.3.3/avr5\libgcc.a(_gt_sf.o)
                0x0000078a                __gtsf2
 .text          0x000007ea       0x60 c:/eclipse/winavr/bin/../lib/gcc/avr/4.3.3/avr5\libgcc.a(_ge_sf.o)
                0x000007ea                __gesf2
 .text          0x0000084a       0x60 c:/eclipse/winavr/bin/../lib/gcc/avr/4.3.3/avr5\libgcc.a(_lt_sf.o)
                0x0000084a                __ltsf2
 .text          0x000008aa       0x60 c:/eclipse/winavr/bin/../lib/gcc/avr/4.3.3/avr5\libgcc.a(_le_sf.o)
                0x000008aa                __lesf2
 .text          0x0000090a       0xa8 c:/eclipse/winavr/bin/../lib/gcc/avr/4.3.3/avr5\libgcc.a(_sf_to_si.o)
                0x0000090a                __fixsfsi
 .text          0x000009b2        0x0 c:/eclipse/winavr/bin/../lib/gcc/avr/4.3.3/avr5\libgcc.a(_thenan_sf.o)
 .text          0x000009b2       0xf2 c:/eclipse/winavr/bin/../lib/gcc/avr/4.3.3/avr5\libgcc.a(_usi_to_sf.o)
                0x000009b2                __floatunsisf
 .text          0x00000aa4        0x0 c:/eclipse/winavr/bin/../lib/gcc/avr/4.3.3/avr5\libgcc.a(_prologue.o)
 .text          0x00000aa4        0x0 c:/eclipse/winavr/bin/../lib/gcc/avr/4.3.3/avr5\libgcc.a(_epilogue.o)
 .text          0x00000aa4       0x9e c:/eclipse/winavr/bin/../lib/gcc/avr/4.3.3/avr5\libgcc.a(_clzsi2.o)
                0x00000aa4                __clzsi2
 .text          0x00000b42      0x1aa c:/eclipse/winavr/bin/../lib/gcc/avr/4.3.3/avr5\libgcc.a(_pack_sf.o)
                0x00000b42                __pack_f
 .text          0x00000cec       0xf0 c:/eclipse/winavr/bin/../lib/gcc/avr/4.3.3/avr5\libgcc.a(_unpack_sf.o)
                0x00000cec                __unpack_f
 .text          0x00000ddc       0xb2 c:/eclipse/winavr/bin/../lib/gcc/avr/4.3.3/avr5\libgcc.a(_fpcmp_parts_sf.o)
                0x00000ddc                __fpcmp_parts_f
 .text          0x00000e8e        0x0 c:/eclipse/winavr/bin/../lib/gcc/avr/4.3.3/avr5\libgcc.a(_clz.o)
                0x00000e8e                . = ALIGN (0x2)
 *(.text.*)
 .text.SS_voidIsAuthenticated
                0x00000e8e       0x22 ./SECURITY/SS_program.o
                0x00000e8e                SS_voidIsAuthenticated
 .text.SS_voidInit
                0x00000eb0       0x2e ./SECURITY/SS_program.o
                0x00000eb0                SS_voidInit
 .text.SS_voidCheckCreateAdminAccount
                0x00000ede      0x26e ./SECURITY/SS_program.o
 .text.SS_voidLogin
                0x0000114c      0xee0 ./SECURITY/SS_program.o
                0x0000114c                SS_voidLogin
 .text.SS_voidCheckAdminPassword
                0x0000202c      0x21a ./SECURITY/SS_program.o
 .text.SS_voidCheckUserPassword
                0x00002246      0x444 ./SECURITY/SS_program.o
 .text.SS_voidDisplayAdminMenu
                0x0000268a      0x290 ./SECURITY/SS_program.o
 .text.SS_voidDisplayUserMenu
                0x0000291a      0x3bc ./SECURITY/SS_program.o
 .text.SS_voidCreateUser
                0x00002cd6      0x4da ./SECURITY/SS_program.o
 .text.SS_voidSelectEmptySlot
                0x000031b0      0x344 ./SECURITY/SS_program.o
 .text.SS_voidDeleteUser
                0x000034f4     0x1020 ./SECURITY/SS_program.o
 .text.SS_voidChangePassword
                0x00004514      0xdc2 ./SECURITY/SS_program.o
 .text.UART_voidInit
                0x000052d6       0x56 ./MCAL/UART/UART_program.o
                0x000052d6                UART_voidInit
 .text.UART_voidTxChar
                0x0000532c       0x34 ./MCAL/UART/UART_program.o
                0x0000532c                UART_voidTxChar
 .text.UART_voidTxString
                0x00005360       0x5e ./MCAL/UART/UART_program.o
                0x00005360                UART_voidTxString
 .text.UART_voidTxNumber
                0x000053be       0x8a ./MCAL/UART/UART_program.o
                0x000053be                UART_voidTxNumber
 .text.UART_voidTxNewLine
                0x00005448       0x1a ./MCAL/UART/UART_program.o
                0x00005448                UART_voidTxNewLine
 .text.UART_voidRxChar
                0x00005462       0x36 ./MCAL/UART/UART_program.o
                0x00005462                UART_voidRxChar
 .text.TWI_voidInit
                0x00005498       0x40 ./MCAL/TWI/TWI_program.o
                0x00005498                TWI_voidInit
 .text.TWI_voidSendStartCondition
                0x000054d8       0x48 ./MCAL/TWI/TWI_program.o
                0x000054d8                TWI_voidSendStartCondition
 .text.TWI_voidSendRepeatStartCondition
                0x00005520       0x48 ./MCAL/TWI/TWI_program.o
                0x00005520                TWI_voidSendRepeatStartCondition
 .text.TWI_voidSendStopCondition
                0x00005568       0x2a ./MCAL/TWI/TWI_program.o
                0x00005568                TWI_voidSendStopCondition
 .text.TWI_voidSendSlaveAddressWithWrite
                0x00005592       0x6c ./MCAL/TWI/TWI_program.o
                0x00005592                TWI_voidSendSlaveAddressWithWrite
 .text.TWI_voidSendSlaveAddressWithRead
                0x000055fe       0x6c ./MCAL/TWI/TWI_program.o
                0x000055fe                TWI_voidSendSlaveAddressWithRead
 .text.TWI_voidSendMasterByteData
                0x0000566a       0x48 ./MCAL/TWI/TWI_program.o
                0x0000566a                TWI_voidSendMasterByteData
 .text.TWI_voidReceiveMasterByteDataWithAck
                0x000056b2       0x74 ./MCAL/TWI/TWI_program.o
                0x000056b2                TWI_voidReceiveMasterByteDataWithAck
 .text.TWI_voidReceiveMasterByteDataWithNAck
                0x00005726       0x58 ./MCAL/TWI/TWI_program.o
                0x00005726                TWI_voidReceiveMasterByteDataWithNAck
 .text.TWI_voidListenToMaster
                0x0000577e       0x28 ./MCAL/TWI/TWI_program.o
                0x0000577e                TWI_voidListenToMaster
 .text.TMR2_voidInit
                0x000057a6       0xfe ./MCAL/TMR2/TMR2_program.o
                0x000057a6                TMR2_voidInit
 .text.TMR2_voidStart
                0x000058a4       0x2e ./MCAL/TMR2/TMR2_program.o
                0x000058a4                TMR2_voidStart
 .text.TMR2_voidStop
                0x000058d2       0x38 ./MCAL/TMR2/TMR2_program.o
                0x000058d2                TMR2_voidStop
 .text.TMR2_voidSetDelay_ms_OVR
                0x0000590a      0x21a ./MCAL/TMR2/TMR2_program.o
                0x0000590a                TMR2_voidSetDelay_ms_OVR
 .text.TMR2_voidSetDelay_ms_CTC
                0x00005b24      0x130 ./MCAL/TMR2/TMR2_program.o
                0x00005b24                TMR2_voidSetDelay_ms_CTC
 .text.TMR2_voidSetCallBackOVR
                0x00005c54       0x2c ./MCAL/TMR2/TMR2_program.o
                0x00005c54                TMR2_voidSetCallBackOVR
 .text.TMR2_voidSetCallBackCTC
                0x00005c80       0x2c ./MCAL/TMR2/TMR2_program.o
                0x00005c80                TMR2_voidSetCallBackCTC
 .text.__vector_5
                0x00005cac       0xa0 ./MCAL/TMR2/TMR2_program.o
                0x00005cac                __vector_5
 .text.__vector_4
                0x00005d4c       0x96 ./MCAL/TMR2/TMR2_program.o
                0x00005d4c                __vector_4
 .text.TMR0_voidInit
                0x00005de2       0x40 ./MCAL/TMR0/TMR0_program.o
                0x00005de2                TMR0_voidInit
 .text.TMR0_voidStart
                0x00005e22       0x38 ./MCAL/TMR0/TMR0_program.o
                0x00005e22                TMR0_voidStart
 .text.TMR0_voidStop
                0x00005e5a       0x38 ./MCAL/TMR0/TMR0_program.o
                0x00005e5a                TMR0_voidStop
 .text.TMR0_voidSetDelay_ms_UsingCTC
                0x00005e92       0x2c ./MCAL/TMR0/TMR0_program.o
                0x00005e92                TMR0_voidSetDelay_ms_UsingCTC
 .text.TMR0_voidSetCallBackOVF
                0x00005ebe       0x2c ./MCAL/TMR0/TMR0_program.o
                0x00005ebe                TMR0_voidSetCallBackOVF
 .text.TMR0_voidSetCallBackCTC
                0x00005eea       0x2c ./MCAL/TMR0/TMR0_program.o
                0x00005eea                TMR0_voidSetCallBackCTC
 .text.__vector_10
                0x00005f16       0x90 ./MCAL/TMR0/TMR0_program.o
                0x00005f16                __vector_10
 .text.__vector_11
                0x00005fa6       0x8a ./MCAL/TMR0/TMR0_program.o
                0x00005fa6                __vector_11
 .text.PWM0_voidInitChannel_0
                0x00006030       0x46 ./MCAL/PWM/PWM_program.o
                0x00006030                PWM0_voidInitChannel_0
 .text.PWM0_voidGenerate_PWM_Channel_0
                0x00006076       0x56 ./MCAL/PWM/PWM_program.o
                0x00006076                PWM0_voidGenerate_PWM_Channel_0
 .text.PWM1_voidInitChannel_1A
                0x000060cc       0x62 ./MCAL/PWM/PWM_program.o
                0x000060cc                PWM1_voidInitChannel_1A
 .text.PWM1_voidGenerate_PWM_Channel_1A
                0x0000612e      0x110 ./MCAL/PWM/PWM_program.o
                0x0000612e                PWM1_voidGenerate_PWM_Channel_1A
 .text.GI_voidEnable
                0x0000623e       0x1c ./MCAL/GI/GI_program.o
                0x0000623e                GI_voidEnable
 .text.GI_voidDisable
                0x0000625a       0x1c ./MCAL/GI/GI_program.o
                0x0000625a                GI_voidDisable
 .text.DIO_voidSetPinDirection
                0x00006276      0x24c ./MCAL/DIO/DIO_program.o
                0x00006276                DIO_voidSetPinDirection
 .text.DIO_voidSetPinValue
                0x000064c2      0x24c ./MCAL/DIO/DIO_program.o
                0x000064c2                DIO_voidSetPinValue
 .text.DIO_voidGetPinValue
                0x0000670e      0x122 ./MCAL/DIO/DIO_program.o
                0x0000670e                DIO_voidGetPinValue
 .text.DIO_voidTogglePinValue
                0x00006830      0x10a ./MCAL/DIO/DIO_program.o
                0x00006830                DIO_voidTogglePinValue
 .text.DIO_voidActiveIntPullUpResistance
                0x0000693a      0x10a ./MCAL/DIO/DIO_program.o
                0x0000693a                DIO_voidActiveIntPullUpResistance
 .text.DIO_voidSetPortDirection
                0x00006a44      0x13e ./MCAL/DIO/DIO_program.o
                0x00006a44                DIO_voidSetPortDirection
 .text.DIO_voidSetPortValue
                0x00006b82      0x13e ./MCAL/DIO/DIO_program.o
                0x00006b82                DIO_voidSetPortValue
 .text.DIO_voidGetPortValue
                0x00006cc0       0xa8 ./MCAL/DIO/DIO_program.o
                0x00006cc0                DIO_voidGetPortValue
 .text.DIO_voidTogglePortValue
                0x00006d68       0x9e ./MCAL/DIO/DIO_program.o
                0x00006d68                DIO_voidTogglePortValue
 .text.DIO_voidActiveIntPortPullUpResistance
                0x00006e06       0x84 ./MCAL/DIO/DIO_program.o
                0x00006e06                DIO_voidActiveIntPortPullUpResistance
 .text.ADC_voidInit
                0x00006e8a       0xfc ./MCAL/ADC/ADC_program.o
                0x00006e8a                ADC_voidInit
 .text.ADC_voidGetDigiatlValue
                0x00006f86       0x8c ./MCAL/ADC/ADC_program.o
                0x00006f86                ADC_voidGetDigiatlValue
 .text.LS_voidInit
                0x00007012       0x36 ./LIGHT SYSTEM/LS_program.o
                0x00007012                LS_voidInit
 .text.LS_voidStartKPD
                0x00007048     0x17f4 ./LIGHT SYSTEM/LS_program.o
                0x00007048                LS_voidStartKPD
 .text.LS_voidStartBluetooth
                0x0000883c      0x2fe ./LIGHT SYSTEM/LS_program.o
                0x0000883c                LS_voidStartBluetooth
 .text.SERVO_voidInit
                0x00008b3a       0x1c ./HAL/SERVO/SERVO_program.o
                0x00008b3a                SERVO_voidInit
 .text.SERVO_voidRotate0_180
                0x00008b56       0x62 ./HAL/SERVO/SERVO_program.o
                0x00008b56                SERVO_voidRotate0_180
 .text.RELAY_voidInit
                0x00008bb8       0x18 ./HAL/RELAY/RELAY_program.o
                0x00008bb8                RELAY_voidInit
 .text.RELAY_voidOn
                0x00008bd0       0x18 ./HAL/RELAY/RELAY_program.o
                0x00008bd0                RELAY_voidOn
 .text.RELAY_voidOff
                0x00008be8       0x18 ./HAL/RELAY/RELAY_program.o
                0x00008be8                RELAY_voidOff
 .text.LM35_voidInit
                0x00008c00       0x14 ./HAL/LM35/LM35_program.o
                0x00008c00                LM35_voidInit
 .text.LM35_voidGetTemp
                0x00008c14       0x96 ./HAL/LM35/LM35_program.o
                0x00008c14                LM35_voidGetTemp
 .text.LED_voidInit
                0x00008caa       0x22 ./HAL/LED/LED_program.o
                0x00008caa                LED_voidInit
 .text.LED_voidLedOn
                0x00008ccc       0x5a ./HAL/LED/LED_program.o
                0x00008ccc                LED_voidLedOn
 .text.LED_voidLedOff
                0x00008d26       0x5a ./HAL/LED/LED_program.o
                0x00008d26                LED_voidLedOff
 .text.LED_voidLedToggle
                0x00008d80       0x20 ./HAL/LED/LED_program.o
                0x00008d80                LED_voidLedToggle
 .text.LCD_voidInit
                0x00008da0      0x89c ./HAL/LCD/LCD_program.o
                0x00008da0                LCD_voidInit
 .text.LCD_voidSendCommand
                0x0000963c      0x23c ./HAL/LCD/LCD_program.o
                0x0000963c                LCD_voidSendCommand
 .text.LCD_voidDisplayChar
                0x00009878      0x23c ./HAL/LCD/LCD_program.o
                0x00009878                LCD_voidDisplayChar
 .text.LCD_voidDisplayString
                0x00009ab4       0x5a ./HAL/LCD/LCD_program.o
                0x00009ab4                LCD_voidDisplayString
 .text.LCD_voidDisplayNumber
                0x00009b0e      0x13a ./HAL/LCD/LCD_program.o
                0x00009b0e                LCD_voidDisplayNumber
 .text.LCD_voidClear
                0x00009c48      0x110 ./HAL/LCD/LCD_program.o
                0x00009c48                LCD_voidClear
 .text.LCD_voidShift
                0x00009d58      0x220 ./HAL/LCD/LCD_program.o
                0x00009d58                LCD_voidShift
 .text.LCD_voidGoToSpecificPosition
                0x00009f78       0x50 ./HAL/LCD/LCD_program.o
                0x00009f78                LCD_voidGoToSpecificPosition
 .text.PRV_voidWriteHalfPort
                0x00009fc8       0x60 ./HAL/LCD/LCD_program.o
 .text.KPD_voidInit
                0x0000a028       0x92 ./HAL/KPD/KPD_program.o
                0x0000a028                KPD_voidInit
 .text.KPD_voidGetValue
                0x0000a0ba      0x242 ./HAL/KPD/KPD_program.o
                0x0000a0ba                KPD_voidGetValue
 .text.EEPROM_voidInit
                0x0000a2fc       0x12 ./HAL/EEPROM/EEPROM_program.o
                0x0000a2fc                EEPROM_voidInit
 .text.EEPROM_voidWriteByte
                0x0000a30e      0x136 ./HAL/EEPROM/EEPROM_program.o
                0x0000a30e                EEPROM_voidWriteByte
 .text.EEPROM_voidReadByte
                0x0000a444      0x14e ./HAL/EEPROM/EEPROM_program.o
                0x0000a444                EEPROM_voidReadByte
 .text.DCM_voidInit
                0x0000a592       0x82 ./HAL/DCM/DCM_program.o
                0x0000a592                DCM_voidInit
 .text.DCM_voidOn
                0x0000a614      0x122 ./HAL/DCM/DCM_program.o
                0x0000a614                DCM_voidOn
 .text.DCM_voidOff
                0x0000a736       0x82 ./HAL/DCM/DCM_program.o
                0x0000a736                DCM_voidOff
 .text.DCM_voidControlMotorSpeed
                0x0000a7b8      0x13a ./HAL/DCM/DCM_program.o
                0x0000a7b8                DCM_voidControlMotorSpeed
 .text.BUZZER_voidInit
                0x0000a8f2       0x22 ./HAL/BUZZER/BUZZER_program.o
                0x0000a8f2                BUZZER_voidInit
 .text.BUZZER_voidOn
                0x0000a914       0x22 ./HAL/BUZZER/BUZZER_program.o
                0x0000a914                BUZZER_voidOn
 .text.BUZZER_voidOff
                0x0000a936       0x22 ./HAL/BUZZER/BUZZER_program.o
                0x0000a936                BUZZER_voidOff
 .text.BUZZER_voidToggle
                0x0000a958       0x20 ./HAL/BUZZER/BUZZER_program.o
                0x0000a958                BUZZER_voidToggle
 .text.DOOR_voidInit
                0x0000a978      0x16c ./Door/DOOR_program.o
                0x0000a978                DOOR_voidInit
 .text.DOOR_voidOpen
                0x0000aae4       0x14 ./Door/DOOR_program.o
                0x0000aae4                DOOR_voidOpen
 .text.DOOR_voidClose
                0x0000aaf8       0x14 ./Door/DOOR_program.o
                0x0000aaf8                DOOR_voidClose
 .text.DIMMER_voidInit
                0x0000ab0c       0x20 ./DIMMER/DIMMER_program.o
                0x0000ab0c                DIMMER_voidInit
 .text.DIMMER_voidStartKPD
                0x0000ab2c      0x34a ./DIMMER/DIMMER_program.o
                0x0000ab2c                DIMMER_voidStartKPD
 .text.DIMMER_voidStartBluetooth
                0x0000ae76      0x18e ./DIMMER/DIMMER_program.o
                0x0000ae76                DIMMER_voidStartBluetooth
 .text.AS_voidInit
                0x0000b004       0x1e ./ALERT SYSTEM/AS_program.o
                0x0000b004                AS_voidInit
 .text.AS_voidStart
                0x0000b022      0x116 ./ALERT SYSTEM/AS_program.o
                0x0000b022                AS_voidStart
 .text.AC_voidInit
                0x0000b138       0x34 ./AIRCONDITION/AC_program.o
                0x0000b138                AC_voidInit
 .text.AC_voidShowMenuKPD
                0x0000b16c      0x198 ./AIRCONDITION/AC_program.o
                0x0000b16c                AC_voidShowMenuKPD
 .text.AC_voidShowMenuBluetooth
                0x0000b304      0x1a2 ./AIRCONDITION/AC_program.o
                0x0000b304                AC_voidShowMenuBluetooth
 .text.AC_voidStart
                0x0000b4a6       0x1c ./AIRCONDITION/AC_program.o
 .text.AC_voidStop
                0x0000b4c2       0x20 ./AIRCONDITION/AC_program.o
 .text.AC_voidStatus
                0x0000b4e2      0x1a2 ./AIRCONDITION/AC_program.o
 .text.action   0x0000b684       0x36 ./AIRCONDITION/AC_program.o
 .text.main     0x0000b6ba       0x12 ./main.o
                0x0000b6ba                main
 .text.libgcc   0x0000b6cc       0x3e c:/eclipse/winavr/bin/../lib/gcc/avr/4.3.3/avr5\libgcc.a(_mulsi3.o)
                0x0000b6cc                __mulsi3
 .text.libgcc   0x0000b70a       0x18 c:/eclipse/winavr/bin/../lib/gcc/avr/4.3.3/avr5\libgcc.a(_udivmodqi4.o)
                0x0000b70a                __udivmodqi4
 .text.libgcc   0x0000b722       0x28 c:/eclipse/winavr/bin/../lib/gcc/avr/4.3.3/avr5\libgcc.a(_udivmodhi4.o)
                0x0000b722                __udivmodhi4
 .text.libgcc   0x0000b74a       0x44 c:/eclipse/winavr/bin/../lib/gcc/avr/4.3.3/avr5\libgcc.a(_udivmodsi4.o)
                0x0000b74a                __udivmodsi4
 .text.libgcc   0x0000b78e        0x0 c:/eclipse/winavr/bin/../lib/gcc/avr/4.3.3/avr5\libgcc.a(_exit.o)
 .text.libgcc   0x0000b78e        0x0 c:/eclipse/winavr/bin/../lib/gcc/avr/4.3.3/avr5\libgcc.a(_copy_data.o)
 .text.libgcc   0x0000b78e        0x0 c:/eclipse/winavr/bin/../lib/gcc/avr/4.3.3/avr5\libgcc.a(_clear_bss.o)
 .text.libgcc   0x0000b78e       0x38 c:/eclipse/winavr/bin/../lib/gcc/avr/4.3.3/avr5\libgcc.a(_prologue.o)
                0x0000b78e                __prologue_saves__
 .text.libgcc   0x0000b7c6       0x36 c:/eclipse/winavr/bin/../lib/gcc/avr/4.3.3/avr5\libgcc.a(_epilogue.o)
                0x0000b7c6                __epilogue_restores__
                0x0000b7fc                . = ALIGN (0x2)
 *(.fini9)
 .fini9         0x0000b7fc        0x0 c:/eclipse/winavr/bin/../lib/gcc/avr/4.3.3/avr5\libgcc.a(_exit.o)
                0x0000b7fc                exit
                0x0000b7fc                _exit
 *(.fini9)
 *(.fini8)
 *(.fini8)
 *(.fini7)
 *(.fini7)
 *(.fini6)
 *(.fini6)
 *(.fini5)
 *(.fini5)
 *(.fini4)
 *(.fini4)
 *(.fini3)
 *(.fini3)
 *(.fini2)
 *(.fini2)
 *(.fini1)
 *(.fini1)
 *(.fini0)
 .fini0         0x0000b7fc        0x4 c:/eclipse/winavr/bin/../lib/gcc/avr/4.3.3/avr5\libgcc.a(_exit.o)
 *(.fini0)
                0x0000b800                _etext = .

.data           0x00800060      0x590 load address 0x0000b800
                0x00800060                PROVIDE (__data_start, .)
 *(.data)
 .data          0x00800060        0x0 c:/eclipse/winavr/bin/../lib/gcc/avr/4.3.3/../../../../avr/lib/avr5/crtm16.o
 .data          0x00800060      0x244 ./SECURITY/SS_program.o
 .data          0x008002a4        0x0 ./MCAL/UART/UART_program.o
 .data          0x008002a4        0x0 ./MCAL/TWI/TWI_program.o
 .data          0x008002a4        0x0 ./MCAL/TMR2/TMR2_program.o
 .data          0x008002a4        0x0 ./MCAL/TMR0/TMR0_program.o
 .data          0x008002a4        0x0 ./MCAL/PWM/PWM_program.o
 .data          0x008002a4        0x0 ./MCAL/GI/GI_program.o
 .data          0x008002a4        0x0 ./MCAL/DIO/DIO_program.o
 .data          0x008002a4        0x0 ./MCAL/ADC/ADC_program.o
 .data          0x008002a4       0xfe ./LIGHT SYSTEM/LS_program.o
 .data          0x008003a2        0x0 ./HAL/SERVO/SERVO_program.o
 .data          0x008003a2        0x0 ./HAL/RELAY/RELAY_program.o
 .data          0x008003a2        0x0 ./HAL/LM35/LM35_program.o
 .data          0x008003a2        0x0 ./HAL/LED/LED_program.o
 .data          0x008003a2        0x0 ./HAL/LCD/LCD_program.o
 .data          0x008003a2        0x0 ./HAL/KPD/KPD_program.o
 .data          0x008003a2        0x0 ./HAL/EEPROM/EEPROM_program.o
 .data          0x008003a2        0x0 ./HAL/DCM/DCM_program.o
 .data          0x008003a2        0x0 ./HAL/BUZZER/BUZZER_program.o
 .data          0x008003a2       0x34 ./Door/DOOR_program.o
 .data          0x008003d6       0x80 ./DIMMER/DIMMER_program.o
 .data          0x00800456        0xc ./ALERT SYSTEM/AS_program.o
 .data          0x00800462       0x73 ./AIRCONDITION/AC_program.o
 .data          0x008004d5        0x0 ./main.o
 .data          0x008004d5        0x0 c:/eclipse/winavr/bin/../lib/gcc/avr/4.3.3/avr5\libgcc.a(_mulsi3.o)
 .data          0x008004d5        0x0 c:/eclipse/winavr/bin/../lib/gcc/avr/4.3.3/avr5\libgcc.a(_udivmodqi4.o)
 .data          0x008004d5        0x0 c:/eclipse/winavr/bin/../lib/gcc/avr/4.3.3/avr5\libgcc.a(_udivmodhi4.o)
 .data          0x008004d5        0x0 c:/eclipse/winavr/bin/../lib/gcc/avr/4.3.3/avr5\libgcc.a(_udivmodsi4.o)
 .data          0x008004d5        0x0 c:/eclipse/winavr/bin/../lib/gcc/avr/4.3.3/avr5\libgcc.a(_exit.o)
 .data          0x008004d5        0x0 c:/eclipse/winavr/bin/../lib/gcc/avr/4.3.3/avr5\libgcc.a(_copy_data.o)
 .data          0x008004d5        0x0 c:/eclipse/winavr/bin/../lib/gcc/avr/4.3.3/avr5\libgcc.a(_clear_bss.o)
 .data          0x008004d5        0x0 c:/eclipse/winavr/bin/../lib/gcc/avr/4.3.3/avr5\libgcc.a(_fixunssfsi.o)
 .data          0x008004d5        0x0 c:/eclipse/winavr/bin/../lib/gcc/avr/4.3.3/avr5\libgcc.a(_addsub_sf.o)
 .data          0x008004d5        0x0 c:/eclipse/winavr/bin/../lib/gcc/avr/4.3.3/avr5\libgcc.a(_mul_sf.o)
 .data          0x008004d5        0x0 c:/eclipse/winavr/bin/../lib/gcc/avr/4.3.3/avr5\libgcc.a(_div_sf.o)
 .data          0x008004d5        0x0 c:/eclipse/winavr/bin/../lib/gcc/avr/4.3.3/avr5\libgcc.a(_gt_sf.o)
 .data          0x008004d5        0x0 c:/eclipse/winavr/bin/../lib/gcc/avr/4.3.3/avr5\libgcc.a(_ge_sf.o)
 .data          0x008004d5        0x0 c:/eclipse/winavr/bin/../lib/gcc/avr/4.3.3/avr5\libgcc.a(_lt_sf.o)
 .data          0x008004d5        0x0 c:/eclipse/winavr/bin/../lib/gcc/avr/4.3.3/avr5\libgcc.a(_le_sf.o)
 .data          0x008004d5        0x0 c:/eclipse/winavr/bin/../lib/gcc/avr/4.3.3/avr5\libgcc.a(_sf_to_si.o)
 .data          0x008004d5        0x8 c:/eclipse/winavr/bin/../lib/gcc/avr/4.3.3/avr5\libgcc.a(_thenan_sf.o)
                0x008004d5                __thenan_sf
 .data          0x008004dd        0x0 c:/eclipse/winavr/bin/../lib/gcc/avr/4.3.3/avr5\libgcc.a(_usi_to_sf.o)
 .data          0x008004dd        0x0 c:/eclipse/winavr/bin/../lib/gcc/avr/4.3.3/avr5\libgcc.a(_prologue.o)
 .data          0x008004dd        0x0 c:/eclipse/winavr/bin/../lib/gcc/avr/4.3.3/avr5\libgcc.a(_epilogue.o)
 .data          0x008004dd        0x0 c:/eclipse/winavr/bin/../lib/gcc/avr/4.3.3/avr5\libgcc.a(_clzsi2.o)
 .data          0x008004dd        0x0 c:/eclipse/winavr/bin/../lib/gcc/avr/4.3.3/avr5\libgcc.a(_pack_sf.o)
 .data          0x008004dd        0x0 c:/eclipse/winavr/bin/../lib/gcc/avr/4.3.3/avr5\libgcc.a(_unpack_sf.o)
 .data          0x008004dd        0x0 c:/eclipse/winavr/bin/../lib/gcc/avr/4.3.3/avr5\libgcc.a(_fpcmp_parts_sf.o)
 .data          0x008004dd      0x100 c:/eclipse/winavr/bin/../lib/gcc/avr/4.3.3/avr5\libgcc.a(_clz.o)
                0x008004dd                __clz_tab
 *(.data*)
 *(.rodata)
 *(.rodata*)
 .rodata.C.2.1250
                0x008005dd        0xc ./HAL/KPD/KPD_program.o
 .rodata.C.1.1249
                0x008005e9        0x3 ./HAL/KPD/KPD_program.o
 .rodata.C.0.1248
                0x008005ec        0x3 ./HAL/KPD/KPD_program.o
 *(.gnu.linkonce.d*)
                0x008005f0                . = ALIGN (0x2)
 *fill*         0x008005ef        0x1 00
                0x008005f0                _edata = .
                0x008005f0                PROVIDE (__data_end, .)

.bss            0x008005f0       0x1c
                0x008005f0                PROVIDE (__bss_start, .)
 *(.bss)
 .bss           0x008005f0        0x0 c:/eclipse/winavr/bin/../lib/gcc/avr/4.3.3/../../../../avr/lib/avr5/crtm16.o
 .bss           0x008005f0        0x0 ./SECURITY/SS_program.o
 .bss           0x008005f0        0x0 ./MCAL/UART/UART_program.o
 .bss           0x008005f0        0x0 ./MCAL/TWI/TWI_program.o
 .bss           0x008005f0        0x0 ./MCAL/TMR2/TMR2_program.o
 .bss           0x008005f0        0x0 ./MCAL/TMR0/TMR0_program.o
 .bss           0x008005f0        0x0 ./MCAL/PWM/PWM_program.o
 .bss           0x008005f0        0x0 ./MCAL/GI/GI_program.o
 .bss           0x008005f0        0x0 ./MCAL/DIO/DIO_program.o
 .bss           0x008005f0        0x0 ./MCAL/ADC/ADC_program.o
 .bss           0x008005f0        0x0 ./LIGHT SYSTEM/LS_program.o
 .bss           0x008005f0        0x0 ./HAL/SERVO/SERVO_program.o
 .bss           0x008005f0        0x0 ./HAL/RELAY/RELAY_program.o
 .bss           0x008005f0        0x0 ./HAL/LM35/LM35_program.o
 .bss           0x008005f0        0x0 ./HAL/LED/LED_program.o
 .bss           0x008005f0        0x0 ./HAL/LCD/LCD_program.o
 .bss           0x008005f0        0x0 ./HAL/KPD/KPD_program.o
 .bss           0x008005f0        0x0 ./HAL/EEPROM/EEPROM_program.o
 .bss           0x008005f0        0x0 ./HAL/DCM/DCM_program.o
 .bss           0x008005f0        0x0 ./HAL/BUZZER/BUZZER_program.o
 .bss           0x008005f0        0x0 ./Door/DOOR_program.o
 .bss           0x008005f0        0x0 ./DIMMER/DIMMER_program.o
 .bss           0x008005f0        0x0 ./ALERT SYSTEM/AS_program.o
 .bss           0x008005f0        0x0 ./AIRCONDITION/AC_program.o
 .bss           0x008005f0        0x0 ./main.o
 .bss           0x008005f0        0x0 c:/eclipse/winavr/bin/../lib/gcc/avr/4.3.3/avr5\libgcc.a(_mulsi3.o)
 .bss           0x008005f0        0x0 c:/eclipse/winavr/bin/../lib/gcc/avr/4.3.3/avr5\libgcc.a(_udivmodqi4.o)
 .bss           0x008005f0        0x0 c:/eclipse/winavr/bin/../lib/gcc/avr/4.3.3/avr5\libgcc.a(_udivmodhi4.o)
 .bss           0x008005f0        0x0 c:/eclipse/winavr/bin/../lib/gcc/avr/4.3.3/avr5\libgcc.a(_udivmodsi4.o)
 .bss           0x008005f0        0x0 c:/eclipse/winavr/bin/../lib/gcc/avr/4.3.3/avr5\libgcc.a(_exit.o)
 .bss           0x008005f0        0x0 c:/eclipse/winavr/bin/../lib/gcc/avr/4.3.3/avr5\libgcc.a(_copy_data.o)
 .bss           0x008005f0        0x0 c:/eclipse/winavr/bin/../lib/gcc/avr/4.3.3/avr5\libgcc.a(_clear_bss.o)
 .bss           0x008005f0        0x0 c:/eclipse/winavr/bin/../lib/gcc/avr/4.3.3/avr5\libgcc.a(_fixunssfsi.o)
 .bss           0x008005f0        0x0 c:/eclipse/winavr/bin/../lib/gcc/avr/4.3.3/avr5\libgcc.a(_addsub_sf.o)
 .bss           0x008005f0        0x0 c:/eclipse/winavr/bin/../lib/gcc/avr/4.3.3/avr5\libgcc.a(_mul_sf.o)
 .bss           0x008005f0        0x0 c:/eclipse/winavr/bin/../lib/gcc/avr/4.3.3/avr5\libgcc.a(_div_sf.o)
 .bss           0x008005f0        0x0 c:/eclipse/winavr/bin/../lib/gcc/avr/4.3.3/avr5\libgcc.a(_gt_sf.o)
 .bss           0x008005f0        0x0 c:/eclipse/winavr/bin/../lib/gcc/avr/4.3.3/avr5\libgcc.a(_ge_sf.o)
 .bss           0x008005f0        0x0 c:/eclipse/winavr/bin/../lib/gcc/avr/4.3.3/avr5\libgcc.a(_lt_sf.o)
 .bss           0x008005f0        0x0 c:/eclipse/winavr/bin/../lib/gcc/avr/4.3.3/avr5\libgcc.a(_le_sf.o)
 .bss           0x008005f0        0x0 c:/eclipse/winavr/bin/../lib/gcc/avr/4.3.3/avr5\libgcc.a(_sf_to_si.o)
 .bss           0x008005f0        0x0 c:/eclipse/winavr/bin/../lib/gcc/avr/4.3.3/avr5\libgcc.a(_thenan_sf.o)
 .bss           0x008005f0        0x0 c:/eclipse/winavr/bin/../lib/gcc/avr/4.3.3/avr5\libgcc.a(_usi_to_sf.o)
 .bss           0x008005f0        0x0 c:/eclipse/winavr/bin/../lib/gcc/avr/4.3.3/avr5\libgcc.a(_prologue.o)
 .bss           0x008005f0        0x0 c:/eclipse/winavr/bin/../lib/gcc/avr/4.3.3/avr5\libgcc.a(_epilogue.o)
 .bss           0x008005f0        0x0 c:/eclipse/winavr/bin/../lib/gcc/avr/4.3.3/avr5\libgcc.a(_clzsi2.o)
 .bss           0x008005f0        0x0 c:/eclipse/winavr/bin/../lib/gcc/avr/4.3.3/avr5\libgcc.a(_pack_sf.o)
 .bss           0x008005f0        0x0 c:/eclipse/winavr/bin/../lib/gcc/avr/4.3.3/avr5\libgcc.a(_unpack_sf.o)
 .bss           0x008005f0        0x0 c:/eclipse/winavr/bin/../lib/gcc/avr/4.3.3/avr5\libgcc.a(_fpcmp_parts_sf.o)
 .bss           0x008005f0        0x0 c:/eclipse/winavr/bin/../lib/gcc/avr/4.3.3/avr5\libgcc.a(_clz.o)
 *(.bss*)
 .bss.local_loggedUser
                0x008005f0        0x1 ./SECURITY/SS_program.o
 .bss.local_isAuthenticated
                0x008005f1        0x1 ./SECURITY/SS_program.o
 .bss.PRV_pFunCallBackOVR
                0x008005f2        0x2 ./MCAL/TMR2/TMR2_program.o
 .bss.PRV_pFunCallBackCTC
                0x008005f4        0x2 ./MCAL/TMR2/TMR2_program.o
 .bss.PRV_u16No_Of_Interrupts_CTC
                0x008005f6        0x2 ./MCAL/TMR2/TMR2_program.o
 .bss.PRV_u8PreloadValue
                0x008005f8        0x1 ./MCAL/TMR2/TMR2_program.o
 .bss.PRV_u16NoOfOVF
                0x008005f9        0x2 ./MCAL/TMR2/TMR2_program.o
 .bss.local_u16OVFCounter.1390
                0x008005fb        0x2 ./MCAL/TMR2/TMR2_program.o
 .bss.counter.1408
                0x008005fd        0x2 ./MCAL/TMR2/TMR2_program.o
 .bss.PRV_tClockSelect
                0x008005ff        0x1 ./MCAL/TMR2/TMR2_program.o
 .bss.PRV_pFunCallBackOVF
                0x00800600        0x2 ./MCAL/TMR0/TMR0_program.o
 .bss.PRV_pFunCallBackCTC
                0x00800602        0x2 ./MCAL/TMR0/TMR0_program.o
 .bss.local_u16ctcCounter.1276
                0x00800604        0x2 ./MCAL/TMR0/TMR0_program.o
 .bss.local_u16OVFCounter.1289
                0x00800606        0x2 ./MCAL/TMR0/TMR0_program.o
 .bss.PRV_u16ctcCounter
                0x00800608        0x2 ./MCAL/TMR0/TMR0_program.o
 .bss.Local_AC_Is_ON
                0x0080060a        0x1 ./AIRCONDITION/AC_program.o
 .bss.LocalIsKPD
                0x0080060b        0x1 ./AIRCONDITION/AC_program.o
 *(COMMON)
                0x0080060c                PROVIDE (__bss_end, .)
                0x0000b800                __data_load_start = LOADADDR (.data)
                0x0000bd90                __data_load_end = (__data_load_start + SIZEOF (.data))

.noinit         0x0080060c        0x0
                0x0080060c                PROVIDE (__noinit_start, .)
 *(.noinit*)
                0x0080060c                PROVIDE (__noinit_end, .)
                0x0080060c                _end = .
                0x0080060c                PROVIDE (__heap_start, .)

.eeprom         0x00810000        0x0
 *(.eeprom*)
                0x00810000                __eeprom_end = .

.fuse
 *(.fuse)
 *(.lfuse)
 *(.hfuse)
 *(.efuse)

.lock
 *(.lock*)

.signature
 *(.signature*)

.stab           0x00000000     0xab90
 *(.stab)
 .stab          0x00000000     0x3c0c ./SECURITY/SS_program.o
 .stab          0x00003c0c      0x384 ./MCAL/UART/UART_program.o
                                0x414 (size before relaxing)
 .stab          0x00003f90      0x4a4 ./MCAL/TWI/TWI_program.o
                                0x534 (size before relaxing)
 .stab          0x00004434      0x648 ./MCAL/TMR2/TMR2_program.o
                                0x6d8 (size before relaxing)
 .stab          0x00004a7c      0x3d8 ./MCAL/TMR0/TMR0_program.o
                                0x468 (size before relaxing)
 .stab          0x00004e54      0x294 ./MCAL/PWM/PWM_program.o
                                0x324 (size before relaxing)
 .stab          0x000050e8      0x15c ./MCAL/GI/GI_program.o
                                0x1ec (size before relaxing)
 .stab          0x00005244      0x798 ./MCAL/DIO/DIO_program.o
                                0x828 (size before relaxing)
 .stab          0x000059dc      0x24c ./MCAL/ADC/ADC_program.o
                                0x2dc (size before relaxing)
 .stab          0x00005c28     0x16bc ./LIGHT SYSTEM/LS_program.o
                               0x18d8 (size before relaxing)
 .stab          0x000072e4      0x15c ./HAL/SERVO/SERVO_program.o
                                0x1ec (size before relaxing)
 .stab          0x00007440      0x174 ./HAL/RELAY/RELAY_program.o
                                0x204 (size before relaxing)
 .stab          0x000075b4      0x1bc ./HAL/LM35/LM35_program.o
                                0x24c (size before relaxing)
 .stab          0x00007770      0x24c ./HAL/LED/LED_program.o
                                0x2dc (size before relaxing)
 .stab          0x000079bc      0xf9c ./HAL/LCD/LCD_program.o
                               0x11b8 (size before relaxing)
 .stab          0x00008958      0x330 ./HAL/KPD/KPD_program.o
                                0x3c0 (size before relaxing)
 .stab          0x00008c88      0x414 ./HAL/EEPROM/EEPROM_program.o
                                0x630 (size before relaxing)
 .stab          0x0000909c      0x420 ./HAL/DCM/DCM_program.o
                                0x4b0 (size before relaxing)
 .stab          0x000094bc      0x204 ./HAL/BUZZER/BUZZER_program.o
                                0x294 (size before relaxing)
 .stab          0x000096c0      0x318 ./Door/DOOR_program.o
                                0x534 (size before relaxing)
 .stab          0x000099d8      0x618 ./DIMMER/DIMMER_program.o
                                0x834 (size before relaxing)
 .stab          0x00009ff0      0x234 ./ALERT SYSTEM/AS_program.o
                                0x450 (size before relaxing)
 .stab          0x0000a224      0x858 ./AIRCONDITION/AC_program.o
                                0xa74 (size before relaxing)
 .stab          0x0000aa7c      0x114 ./main.o
                                0x1a4 (size before relaxing)

.stabstr        0x00000000     0x23f4
 *(.stabstr)
 .stabstr       0x00000000     0x23f4 ./SECURITY/SS_program.o

.stab.excl
 *(.stab.excl)

.stab.exclstr
 *(.stab.exclstr)

.stab.index
 *(.stab.index)

.stab.indexstr
 *(.stab.indexstr)

.comment
 *(.comment)

.debug
 *(.debug)

.line
 *(.line)

.debug_srcinfo
 *(.debug_srcinfo)

.debug_sfnames
 *(.debug_sfnames)

.debug_aranges  0x00000000      0x1c0
 *(.debug_aranges)
 .debug_aranges
                0x00000000       0x20 c:/eclipse/winavr/bin/../lib/gcc/avr/4.3.3/avr5\libgcc.a(_fixunssfsi.o)
 .debug_aranges
                0x00000020       0x20 c:/eclipse/winavr/bin/../lib/gcc/avr/4.3.3/avr5\libgcc.a(_addsub_sf.o)
 .debug_aranges
                0x00000040       0x20 c:/eclipse/winavr/bin/../lib/gcc/avr/4.3.3/avr5\libgcc.a(_mul_sf.o)
 .debug_aranges
                0x00000060       0x20 c:/eclipse/winavr/bin/../lib/gcc/avr/4.3.3/avr5\libgcc.a(_div_sf.o)
 .debug_aranges
                0x00000080       0x20 c:/eclipse/winavr/bin/../lib/gcc/avr/4.3.3/avr5\libgcc.a(_gt_sf.o)
 .debug_aranges
                0x000000a0       0x20 c:/eclipse/winavr/bin/../lib/gcc/avr/4.3.3/avr5\libgcc.a(_ge_sf.o)
 .debug_aranges
                0x000000c0       0x20 c:/eclipse/winavr/bin/../lib/gcc/avr/4.3.3/avr5\libgcc.a(_lt_sf.o)
 .debug_aranges
                0x000000e0       0x20 c:/eclipse/winavr/bin/../lib/gcc/avr/4.3.3/avr5\libgcc.a(_le_sf.o)
 .debug_aranges
                0x00000100       0x20 c:/eclipse/winavr/bin/../lib/gcc/avr/4.3.3/avr5\libgcc.a(_sf_to_si.o)
 .debug_aranges
                0x00000120       0x20 c:/eclipse/winavr/bin/../lib/gcc/avr/4.3.3/avr5\libgcc.a(_usi_to_sf.o)
 .debug_aranges
                0x00000140       0x20 c:/eclipse/winavr/bin/../lib/gcc/avr/4.3.3/avr5\libgcc.a(_clzsi2.o)
 .debug_aranges
                0x00000160       0x20 c:/eclipse/winavr/bin/../lib/gcc/avr/4.3.3/avr5\libgcc.a(_pack_sf.o)
 .debug_aranges
                0x00000180       0x20 c:/eclipse/winavr/bin/../lib/gcc/avr/4.3.3/avr5\libgcc.a(_unpack_sf.o)
 .debug_aranges
                0x000001a0       0x20 c:/eclipse/winavr/bin/../lib/gcc/avr/4.3.3/avr5\libgcc.a(_fpcmp_parts_sf.o)

.debug_pubnames
                0x00000000      0x210
 *(.debug_pubnames)
 .debug_pubnames
                0x00000000       0x23 c:/eclipse/winavr/bin/../lib/gcc/avr/4.3.3/avr5\libgcc.a(_fixunssfsi.o)
 .debug_pubnames
                0x00000023       0x2c c:/eclipse/winavr/bin/../lib/gcc/avr/4.3.3/avr5\libgcc.a(_addsub_sf.o)
 .debug_pubnames
                0x0000004f       0x1f c:/eclipse/winavr/bin/../lib/gcc/avr/4.3.3/avr5\libgcc.a(_mul_sf.o)
 .debug_pubnames
                0x0000006e       0x1f c:/eclipse/winavr/bin/../lib/gcc/avr/4.3.3/avr5\libgcc.a(_div_sf.o)
 .debug_pubnames
                0x0000008d       0x1e c:/eclipse/winavr/bin/../lib/gcc/avr/4.3.3/avr5\libgcc.a(_gt_sf.o)
 .debug_pubnames
                0x000000ab       0x1e c:/eclipse/winavr/bin/../lib/gcc/avr/4.3.3/avr5\libgcc.a(_ge_sf.o)
 .debug_pubnames
                0x000000c9       0x1e c:/eclipse/winavr/bin/../lib/gcc/avr/4.3.3/avr5\libgcc.a(_lt_sf.o)
 .debug_pubnames
                0x000000e7       0x1e c:/eclipse/winavr/bin/../lib/gcc/avr/4.3.3/avr5\libgcc.a(_le_sf.o)
 .debug_pubnames
                0x00000105       0x20 c:/eclipse/winavr/bin/../lib/gcc/avr/4.3.3/avr5\libgcc.a(_sf_to_si.o)
 .debug_pubnames
                0x00000125       0x22 c:/eclipse/winavr/bin/../lib/gcc/avr/4.3.3/avr5\libgcc.a(_thenan_sf.o)
 .debug_pubnames
                0x00000147       0x24 c:/eclipse/winavr/bin/../lib/gcc/avr/4.3.3/avr5\libgcc.a(_usi_to_sf.o)
 .debug_pubnames
                0x0000016b       0x1f c:/eclipse/winavr/bin/../lib/gcc/avr/4.3.3/avr5\libgcc.a(_clzsi2.o)
 .debug_pubnames
                0x0000018a       0x1f c:/eclipse/winavr/bin/../lib/gcc/avr/4.3.3/avr5\libgcc.a(_pack_sf.o)
 .debug_pubnames
                0x000001a9       0x21 c:/eclipse/winavr/bin/../lib/gcc/avr/4.3.3/avr5\libgcc.a(_unpack_sf.o)
 .debug_pubnames
                0x000001ca       0x26 c:/eclipse/winavr/bin/../lib/gcc/avr/4.3.3/avr5\libgcc.a(_fpcmp_parts_sf.o)
 .debug_pubnames
                0x000001f0       0x20 c:/eclipse/winavr/bin/../lib/gcc/avr/4.3.3/avr5\libgcc.a(_clz.o)

.debug_info     0x00000000     0x268a
 *(.debug_info)
 .debug_info    0x00000000       0xb1 c:/eclipse/winavr/bin/../lib/gcc/avr/4.3.3/avr5\libgcc.a(_fixunssfsi.o)
 .debug_info    0x000000b1      0x47a c:/eclipse/winavr/bin/../lib/gcc/avr/4.3.3/avr5\libgcc.a(_addsub_sf.o)
 .debug_info    0x0000052b      0x485 c:/eclipse/winavr/bin/../lib/gcc/avr/4.3.3/avr5\libgcc.a(_mul_sf.o)
 .debug_info    0x000009b0      0x3fc c:/eclipse/winavr/bin/../lib/gcc/avr/4.3.3/avr5\libgcc.a(_div_sf.o)
 .debug_info    0x00000dac      0x27f c:/eclipse/winavr/bin/../lib/gcc/avr/4.3.3/avr5\libgcc.a(_gt_sf.o)
 .debug_info    0x0000102b      0x27f c:/eclipse/winavr/bin/../lib/gcc/avr/4.3.3/avr5\libgcc.a(_ge_sf.o)
 .debug_info    0x000012aa      0x27f c:/eclipse/winavr/bin/../lib/gcc/avr/4.3.3/avr5\libgcc.a(_lt_sf.o)
 .debug_info    0x00001529      0x27f c:/eclipse/winavr/bin/../lib/gcc/avr/4.3.3/avr5\libgcc.a(_le_sf.o)
 .debug_info    0x000017a8      0x2b0 c:/eclipse/winavr/bin/../lib/gcc/avr/4.3.3/avr5\libgcc.a(_sf_to_si.o)
 .debug_info    0x00001a58      0x12c c:/eclipse/winavr/bin/../lib/gcc/avr/4.3.3/avr5\libgcc.a(_thenan_sf.o)
 .debug_info    0x00001b84      0x206 c:/eclipse/winavr/bin/../lib/gcc/avr/4.3.3/avr5\libgcc.a(_usi_to_sf.o)
 .debug_info    0x00001d8a      0x117 c:/eclipse/winavr/bin/../lib/gcc/avr/4.3.3/avr5\libgcc.a(_clzsi2.o)
 .debug_info    0x00001ea1      0x2df c:/eclipse/winavr/bin/../lib/gcc/avr/4.3.3/avr5\libgcc.a(_pack_sf.o)
 .debug_info    0x00002180      0x251 c:/eclipse/winavr/bin/../lib/gcc/avr/4.3.3/avr5\libgcc.a(_unpack_sf.o)
 .debug_info    0x000023d1      0x210 c:/eclipse/winavr/bin/../lib/gcc/avr/4.3.3/avr5\libgcc.a(_fpcmp_parts_sf.o)
 .debug_info    0x000025e1       0xa9 c:/eclipse/winavr/bin/../lib/gcc/avr/4.3.3/avr5\libgcc.a(_clz.o)
 *(.gnu.linkonce.wi.*)

.debug_abbrev   0x00000000     0x14e0
 *(.debug_abbrev)
 .debug_abbrev  0x00000000       0x5d c:/eclipse/winavr/bin/../lib/gcc/avr/4.3.3/avr5\libgcc.a(_fixunssfsi.o)
 .debug_abbrev  0x0000005d      0x1ea c:/eclipse/winavr/bin/../lib/gcc/avr/4.3.3/avr5\libgcc.a(_addsub_sf.o)
 .debug_abbrev  0x00000247      0x21b c:/eclipse/winavr/bin/../lib/gcc/avr/4.3.3/avr5\libgcc.a(_mul_sf.o)
 .debug_abbrev  0x00000462      0x216 c:/eclipse/winavr/bin/../lib/gcc/avr/4.3.3/avr5\libgcc.a(_div_sf.o)
 .debug_abbrev  0x00000678      0x15a c:/eclipse/winavr/bin/../lib/gcc/avr/4.3.3/avr5\libgcc.a(_gt_sf.o)
 .debug_abbrev  0x000007d2      0x15a c:/eclipse/winavr/bin/../lib/gcc/avr/4.3.3/avr5\libgcc.a(_ge_sf.o)
 .debug_abbrev  0x0000092c      0x15a c:/eclipse/winavr/bin/../lib/gcc/avr/4.3.3/avr5\libgcc.a(_lt_sf.o)
 .debug_abbrev  0x00000a86      0x15a c:/eclipse/winavr/bin/../lib/gcc/avr/4.3.3/avr5\libgcc.a(_le_sf.o)
 .debug_abbrev  0x00000be0      0x17f c:/eclipse/winavr/bin/../lib/gcc/avr/4.3.3/avr5\libgcc.a(_sf_to_si.o)
 .debug_abbrev  0x00000d5f       0xad c:/eclipse/winavr/bin/../lib/gcc/avr/4.3.3/avr5\libgcc.a(_thenan_sf.o)
 .debug_abbrev  0x00000e0c      0x157 c:/eclipse/winavr/bin/../lib/gcc/avr/4.3.3/avr5\libgcc.a(_usi_to_sf.o)
 .debug_abbrev  0x00000f63       0xc4 c:/eclipse/winavr/bin/../lib/gcc/avr/4.3.3/avr5\libgcc.a(_clzsi2.o)
 .debug_abbrev  0x00001027      0x1c0 c:/eclipse/winavr/bin/../lib/gcc/avr/4.3.3/avr5\libgcc.a(_pack_sf.o)
 .debug_abbrev  0x000011e7      0x154 c:/eclipse/winavr/bin/../lib/gcc/avr/4.3.3/avr5\libgcc.a(_unpack_sf.o)
 .debug_abbrev  0x0000133b      0x13b c:/eclipse/winavr/bin/../lib/gcc/avr/4.3.3/avr5\libgcc.a(_fpcmp_parts_sf.o)
 .debug_abbrev  0x00001476       0x6a c:/eclipse/winavr/bin/../lib/gcc/avr/4.3.3/avr5\libgcc.a(_clz.o)

.debug_line     0x00000000     0x12a9
 *(.debug_line)
 .debug_line    0x00000000       0xa7 c:/eclipse/winavr/bin/../lib/gcc/avr/4.3.3/avr5\libgcc.a(_fixunssfsi.o)
 .debug_line    0x000000a7      0x2af c:/eclipse/winavr/bin/../lib/gcc/avr/4.3.3/avr5\libgcc.a(_addsub_sf.o)
 .debug_line    0x00000356      0x239 c:/eclipse/winavr/bin/../lib/gcc/avr/4.3.3/avr5\libgcc.a(_mul_sf.o)
 .debug_line    0x0000058f      0x1d5 c:/eclipse/winavr/bin/../lib/gcc/avr/4.3.3/avr5\libgcc.a(_div_sf.o)
 .debug_line    0x00000764       0xd3 c:/eclipse/winavr/bin/../lib/gcc/avr/4.3.3/avr5\libgcc.a(_gt_sf.o)
 .debug_line    0x00000837       0xd3 c:/eclipse/winavr/bin/../lib/gcc/avr/4.3.3/avr5\libgcc.a(_ge_sf.o)
 .debug_line    0x0000090a       0xd3 c:/eclipse/winavr/bin/../lib/gcc/avr/4.3.3/avr5\libgcc.a(_lt_sf.o)
 .debug_line    0x000009dd       0xd3 c:/eclipse/winavr/bin/../lib/gcc/avr/4.3.3/avr5\libgcc.a(_le_sf.o)
 .debug_line    0x00000ab0      0x109 c:/eclipse/winavr/bin/../lib/gcc/avr/4.3.3/avr5\libgcc.a(_sf_to_si.o)
 .debug_line    0x00000bb9       0x90 c:/eclipse/winavr/bin/../lib/gcc/avr/4.3.3/avr5\libgcc.a(_thenan_sf.o)
 .debug_line    0x00000c49      0x133 c:/eclipse/winavr/bin/../lib/gcc/avr/4.3.3/avr5\libgcc.a(_usi_to_sf.o)
 .debug_line    0x00000d7c       0xa5 c:/eclipse/winavr/bin/../lib/gcc/avr/4.3.3/avr5\libgcc.a(_clzsi2.o)
 .debug_line    0x00000e21      0x18a c:/eclipse/winavr/bin/../lib/gcc/avr/4.3.3/avr5\libgcc.a(_pack_sf.o)
 .debug_line    0x00000fab      0x14b c:/eclipse/winavr/bin/../lib/gcc/avr/4.3.3/avr5\libgcc.a(_unpack_sf.o)
 .debug_line    0x000010f6      0x137 c:/eclipse/winavr/bin/../lib/gcc/avr/4.3.3/avr5\libgcc.a(_fpcmp_parts_sf.o)
 .debug_line    0x0000122d       0x7c c:/eclipse/winavr/bin/../lib/gcc/avr/4.3.3/avr5\libgcc.a(_clz.o)

.debug_frame    0x00000000      0x1e0
 *(.debug_frame)
 .debug_frame   0x00000000       0x20 c:/eclipse/winavr/bin/../lib/gcc/avr/4.3.3/avr5\libgcc.a(_fixunssfsi.o)
 .debug_frame   0x00000020       0x40 c:/eclipse/winavr/bin/../lib/gcc/avr/4.3.3/avr5\libgcc.a(_addsub_sf.o)
 .debug_frame   0x00000060       0x20 c:/eclipse/winavr/bin/../lib/gcc/avr/4.3.3/avr5\libgcc.a(_mul_sf.o)
 .debug_frame   0x00000080       0x20 c:/eclipse/winavr/bin/../lib/gcc/avr/4.3.3/avr5\libgcc.a(_div_sf.o)
 .debug_frame   0x000000a0       0x20 c:/eclipse/winavr/bin/../lib/gcc/avr/4.3.3/avr5\libgcc.a(_gt_sf.o)
 .debug_frame   0x000000c0       0x20 c:/eclipse/winavr/bin/../lib/gcc/avr/4.3.3/avr5\libgcc.a(_ge_sf.o)
 .debug_frame   0x000000e0       0x20 c:/eclipse/winavr/bin/../lib/gcc/avr/4.3.3/avr5\libgcc.a(_lt_sf.o)
 .debug_frame   0x00000100       0x20 c:/eclipse/winavr/bin/../lib/gcc/avr/4.3.3/avr5\libgcc.a(_le_sf.o)
 .debug_frame   0x00000120       0x20 c:/eclipse/winavr/bin/../lib/gcc/avr/4.3.3/avr5\libgcc.a(_sf_to_si.o)
 .debug_frame   0x00000140       0x20 c:/eclipse/winavr/bin/../lib/gcc/avr/4.3.3/avr5\libgcc.a(_usi_to_sf.o)
 .debug_frame   0x00000160       0x20 c:/eclipse/winavr/bin/../lib/gcc/avr/4.3.3/avr5\libgcc.a(_clzsi2.o)
 .debug_frame   0x00000180       0x20 c:/eclipse/winavr/bin/../lib/gcc/avr/4.3.3/avr5\libgcc.a(_pack_sf.o)
 .debug_frame   0x000001a0       0x20 c:/eclipse/winavr/bin/../lib/gcc/avr/4.3.3/avr5\libgcc.a(_unpack_sf.o)
 .debug_frame   0x000001c0       0x20 c:/eclipse/winavr/bin/../lib/gcc/avr/4.3.3/avr5\libgcc.a(_fpcmp_parts_sf.o)

.debug_str      0x00000000      0x2fe
 *(.debug_str)
 .debug_str     0x00000000       0xbf c:/eclipse/winavr/bin/../lib/gcc/avr/4.3.3/avr5\libgcc.a(_fixunssfsi.o)
                                 0xfe (size before relaxing)
 .debug_str     0x000000bf      0x14d c:/eclipse/winavr/bin/../lib/gcc/avr/4.3.3/avr5\libgcc.a(_addsub_sf.o)
                                0x206 (size before relaxing)
 .debug_str     0x0000020c       0x27 c:/eclipse/winavr/bin/../lib/gcc/avr/4.3.3/avr5\libgcc.a(_mul_sf.o)
                                0x1bf (size before relaxing)
 .debug_str     0x00000233       0x35 c:/eclipse/winavr/bin/../lib/gcc/avr/4.3.3/avr5\libgcc.a(_div_sf.o)
                                0x1c8 (size before relaxing)
 .debug_str     0x00000268        0x8 c:/eclipse/winavr/bin/../lib/gcc/avr/4.3.3/avr5\libgcc.a(_gt_sf.o)
                                0x195 (size before relaxing)
 .debug_str     0x00000270        0x8 c:/eclipse/winavr/bin/../lib/gcc/avr/4.3.3/avr5\libgcc.a(_ge_sf.o)
                                0x195 (size before relaxing)
 .debug_str     0x00000278        0x8 c:/eclipse/winavr/bin/../lib/gcc/avr/4.3.3/avr5\libgcc.a(_lt_sf.o)
                                0x195 (size before relaxing)
 .debug_str     0x00000280        0x8 c:/eclipse/winavr/bin/../lib/gcc/avr/4.3.3/avr5\libgcc.a(_le_sf.o)
                                0x195 (size before relaxing)
 .debug_str     0x00000288        0xa c:/eclipse/winavr/bin/../lib/gcc/avr/4.3.3/avr5\libgcc.a(_sf_to_si.o)
                                0x19e (size before relaxing)
 .debug_str     0x00000000      0x103 c:/eclipse/winavr/bin/../lib/gcc/avr/4.3.3/avr5\libgcc.a(_thenan_sf.o)
 .debug_str     0x00000292       0x21 c:/eclipse/winavr/bin/../lib/gcc/avr/4.3.3/avr5\libgcc.a(_usi_to_sf.o)
                                0x177 (size before relaxing)
 .debug_str     0x000002b3       0x20 c:/eclipse/winavr/bin/../lib/gcc/avr/4.3.3/avr5\libgcc.a(_clzsi2.o)
                                0x111 (size before relaxing)
 .debug_str     0x000002d3       0x10 c:/eclipse/winavr/bin/../lib/gcc/avr/4.3.3/avr5\libgcc.a(_pack_sf.o)
                                0x19d (size before relaxing)
 .debug_str     0x000002e3        0xb c:/eclipse/winavr/bin/../lib/gcc/avr/4.3.3/avr5\libgcc.a(_unpack_sf.o)
                                0x17f (size before relaxing)
 .debug_str     0x000002ee       0x10 c:/eclipse/winavr/bin/../lib/gcc/avr/4.3.3/avr5\libgcc.a(_fpcmp_parts_sf.o)
                                0x163 (size before relaxing)
 .debug_str     0x00000000       0xf4 c:/eclipse/winavr/bin/../lib/gcc/avr/4.3.3/avr5\libgcc.a(_clz.o)

.debug_loc      0x00000000      0x9aa
 *(.debug_loc)
 .debug_loc     0x00000000       0x34 c:/eclipse/winavr/bin/../lib/gcc/avr/4.3.3/avr5\libgcc.a(_fixunssfsi.o)
 .debug_loc     0x00000034      0x32a c:/eclipse/winavr/bin/../lib/gcc/avr/4.3.3/avr5\libgcc.a(_addsub_sf.o)
 .debug_loc     0x0000035e      0x104 c:/eclipse/winavr/bin/../lib/gcc/avr/4.3.3/avr5\libgcc.a(_mul_sf.o)
 .debug_loc     0x00000462       0xc0 c:/eclipse/winavr/bin/../lib/gcc/avr/4.3.3/avr5\libgcc.a(_div_sf.o)
 .debug_loc     0x00000522       0x3c c:/eclipse/winavr/bin/../lib/gcc/avr/4.3.3/avr5\libgcc.a(_gt_sf.o)
 .debug_loc     0x0000055e       0x3c c:/eclipse/winavr/bin/../lib/gcc/avr/4.3.3/avr5\libgcc.a(_ge_sf.o)
 .debug_loc     0x0000059a       0x3c c:/eclipse/winavr/bin/../lib/gcc/avr/4.3.3/avr5\libgcc.a(_lt_sf.o)
 .debug_loc     0x000005d6       0x3c c:/eclipse/winavr/bin/../lib/gcc/avr/4.3.3/avr5\libgcc.a(_le_sf.o)
 .debug_loc     0x00000612       0x7e c:/eclipse/winavr/bin/../lib/gcc/avr/4.3.3/avr5\libgcc.a(_sf_to_si.o)
 .debug_loc     0x00000690       0x4c c:/eclipse/winavr/bin/../lib/gcc/avr/4.3.3/avr5\libgcc.a(_usi_to_sf.o)
 .debug_loc     0x000006dc       0x94 c:/eclipse/winavr/bin/../lib/gcc/avr/4.3.3/avr5\libgcc.a(_clzsi2.o)
 .debug_loc     0x00000770      0x13e c:/eclipse/winavr/bin/../lib/gcc/avr/4.3.3/avr5\libgcc.a(_pack_sf.o)
 .debug_loc     0x000008ae       0xac c:/eclipse/winavr/bin/../lib/gcc/avr/4.3.3/avr5\libgcc.a(_unpack_sf.o)
 .debug_loc     0x0000095a       0x50 c:/eclipse/winavr/bin/../lib/gcc/avr/4.3.3/avr5\libgcc.a(_fpcmp_parts_sf.o)

.debug_macinfo
 *(.debug_macinfo)
OUTPUT(D52-SMP.elf elf32-avr)
LOAD linker stubs

.debug_ranges   0x00000000       0x50
 .debug_ranges  0x00000000       0x50 c:/eclipse/winavr/bin/../lib/gcc/avr/4.3.3/avr5\libgcc.a(_mul_sf.o)
