Archive member included because of file (symbol)

e:/eclipse/winavr/bin/../lib/gcc/avr/4.3.3/avr5\libgcc.a(_mulsi3.o)
                              ./HAL/LM35/LM35_program.o (__mulsi3)
e:/eclipse/winavr/bin/../lib/gcc/avr/4.3.3/avr5\libgcc.a(_udivmodqi4.o)
                              ./MCAL/UART/UART_program.o (__udivmodqi4)
e:/eclipse/winavr/bin/../lib/gcc/avr/4.3.3/avr5\libgcc.a(_udivmodhi4.o)
                              ./MCAL/TMR2/TMR2_program.o (__udivmodhi4)
e:/eclipse/winavr/bin/../lib/gcc/avr/4.3.3/avr5\libgcc.a(_udivmodsi4.o)
                              ./MCAL/PWM/PWM_program.o (__udivmodsi4)
e:/eclipse/winavr/bin/../lib/gcc/avr/4.3.3/avr5\libgcc.a(_exit.o)
                              e:/eclipse/winavr/bin/../lib/gcc/avr/4.3.3/../../../../avr/lib/avr5/crtm32.o (exit)
e:/eclipse/winavr/bin/../lib/gcc/avr/4.3.3/avr5\libgcc.a(_copy_data.o)
                              ./SecuritySystem/SS_program.o (__do_copy_data)
e:/eclipse/winavr/bin/../lib/gcc/avr/4.3.3/avr5\libgcc.a(_clear_bss.o)
                              ./SecuritySystem/SS_program.o (__do_clear_bss)
e:/eclipse/winavr/bin/../lib/gcc/avr/4.3.3/avr5\libgcc.a(_fixunssfsi.o)
                              ./MCAL/TMR2/TMR2_program.o (__fixunssfsi)
e:/eclipse/winavr/bin/../lib/gcc/avr/4.3.3/avr5\libgcc.a(_addsub_sf.o)
                              ./MCAL/TMR2/TMR2_program.o (__subsf3)
e:/eclipse/winavr/bin/../lib/gcc/avr/4.3.3/avr5\libgcc.a(_mul_sf.o)
                              ./MCAL/TMR2/TMR2_program.o (__mulsf3)
e:/eclipse/winavr/bin/../lib/gcc/avr/4.3.3/avr5\libgcc.a(_div_sf.o)
                              ./MCAL/PWM/PWM_program.o (__divsf3)
e:/eclipse/winavr/bin/../lib/gcc/avr/4.3.3/avr5\libgcc.a(_ge_sf.o)
                              e:/eclipse/winavr/bin/../lib/gcc/avr/4.3.3/avr5\libgcc.a(_fixunssfsi.o) (__gesf2)
e:/eclipse/winavr/bin/../lib/gcc/avr/4.3.3/avr5\libgcc.a(_le_sf.o)
                              ./MCAL/PWM/PWM_program.o (__lesf2)
e:/eclipse/winavr/bin/../lib/gcc/avr/4.3.3/avr5\libgcc.a(_sf_to_si.o)
                              e:/eclipse/winavr/bin/../lib/gcc/avr/4.3.3/avr5\libgcc.a(_fixunssfsi.o) (__fixsfsi)
e:/eclipse/winavr/bin/../lib/gcc/avr/4.3.3/avr5\libgcc.a(_thenan_sf.o)
                              e:/eclipse/winavr/bin/../lib/gcc/avr/4.3.3/avr5\libgcc.a(_addsub_sf.o) (__thenan_sf)
e:/eclipse/winavr/bin/../lib/gcc/avr/4.3.3/avr5\libgcc.a(_usi_to_sf.o)
                              ./MCAL/TMR2/TMR2_program.o (__floatunsisf)
e:/eclipse/winavr/bin/../lib/gcc/avr/4.3.3/avr5\libgcc.a(_prologue.o)
                              e:/eclipse/winavr/bin/../lib/gcc/avr/4.3.3/avr5\libgcc.a(_addsub_sf.o) (__prologue_saves__)
e:/eclipse/winavr/bin/../lib/gcc/avr/4.3.3/avr5\libgcc.a(_epilogue.o)
                              e:/eclipse/winavr/bin/../lib/gcc/avr/4.3.3/avr5\libgcc.a(_addsub_sf.o) (__epilogue_restores__)
e:/eclipse/winavr/bin/../lib/gcc/avr/4.3.3/avr5\libgcc.a(_clzsi2.o)
                              e:/eclipse/winavr/bin/../lib/gcc/avr/4.3.3/avr5\libgcc.a(_usi_to_sf.o) (__clzsi2)
e:/eclipse/winavr/bin/../lib/gcc/avr/4.3.3/avr5\libgcc.a(_pack_sf.o)
                              e:/eclipse/winavr/bin/../lib/gcc/avr/4.3.3/avr5\libgcc.a(_addsub_sf.o) (__pack_f)
e:/eclipse/winavr/bin/../lib/gcc/avr/4.3.3/avr5\libgcc.a(_unpack_sf.o)
                              e:/eclipse/winavr/bin/../lib/gcc/avr/4.3.3/avr5\libgcc.a(_addsub_sf.o) (__unpack_f)
e:/eclipse/winavr/bin/../lib/gcc/avr/4.3.3/avr5\libgcc.a(_fpcmp_parts_sf.o)
                              e:/eclipse/winavr/bin/../lib/gcc/avr/4.3.3/avr5\libgcc.a(_ge_sf.o) (__fpcmp_parts_f)
e:/eclipse/winavr/bin/../lib/gcc/avr/4.3.3/avr5\libgcc.a(_clz.o)
                              e:/eclipse/winavr/bin/../lib/gcc/avr/4.3.3/avr5\libgcc.a(_clzsi2.o) (__clz_tab)

Memory Configuration

Name             Origin             Length             Attributes
text             0x00000000         0x00020000         xr
data             0x00800060         0x0000ffa0         rw !x
eeprom           0x00810000         0x00010000         rw !x
fuse             0x00820000         0x00000400         rw !x
lock             0x00830000         0x00000400         rw !x
signature        0x00840000         0x00000400         rw !x
*default*        0x00000000         0xffffffff

Linker script and memory map

LOAD e:/eclipse/winavr/bin/../lib/gcc/avr/4.3.3/../../../../avr/lib/avr5/crtm32.o
LOAD ./SecuritySystem/SS_program.o
LOAD ./MCAL/UART/UART_program.o
LOAD ./MCAL/TWI/TWI_program.o
LOAD ./MCAL/TMR2/TMR2_program.o
LOAD ./MCAL/TMR0/TMR0_program.o
LOAD ./MCAL/PWM/PWM_program.o
LOAD ./MCAL/GI/GI_program.o
LOAD ./MCAL/DIO/DIO_program.o
LOAD ./MCAL/ADC/ADC_program.o
LOAD ./LIGHT SYSTEM/LS_program.o
LOAD ./HAL/SERVO/SERVO_program.o
LOAD ./HAL/RELAY/RELAY_program.o
LOAD ./HAL/LM35/LM35_program.o
LOAD ./HAL/LED/LED_program.o
LOAD ./HAL/LCD/LCD_program.o
LOAD ./HAL/KPD/KPD_program.o
LOAD ./HAL/EEPROM/EEPROM_program.o
LOAD ./HAL/DCM/DCM_program.o
LOAD ./HAL/BUZZER/BUZZER_program.o
LOAD ./Door/DOOR_program.o
LOAD ./DIMMER/DIMMER_program.o
LOAD ./ALERT SYSTEM/AS_program.o
LOAD ./AIRCONDITION/AC_program.o
LOAD ./main.o
LOAD e:/eclipse/winavr/bin/../lib/gcc/avr/4.3.3/avr5\libgcc.a
LOAD e:/eclipse/winavr/bin/../lib/gcc/avr/4.3.3/../../../../avr/lib/avr5\libc.a
LOAD e:/eclipse/winavr/bin/../lib/gcc/avr/4.3.3/avr5\libgcc.a

.hash
 *(.hash)

.dynsym
 *(.dynsym)

.dynstr
 *(.dynstr)

.gnu.version
 *(.gnu.version)

.gnu.version_d
 *(.gnu.version_d)

.gnu.version_r
 *(.gnu.version_r)

.rel.init
 *(.rel.init)

.rela.init
 *(.rela.init)

.rel.text
 *(.rel.text)
 *(.rel.text.*)
 *(.rel.gnu.linkonce.t*)

.rela.text
 *(.rela.text)
 *(.rela.text.*)
 *(.rela.gnu.linkonce.t*)

.rel.fini
 *(.rel.fini)

.rela.fini
 *(.rela.fini)

.rel.rodata
 *(.rel.rodata)
 *(.rel.rodata.*)
 *(.rel.gnu.linkonce.r*)

.rela.rodata
 *(.rela.rodata)
 *(.rela.rodata.*)
 *(.rela.gnu.linkonce.r*)

.rel.data
 *(.rel.data)
 *(.rel.data.*)
 *(.rel.gnu.linkonce.d*)

.rela.data
 *(.rela.data)
 *(.rela.data.*)
 *(.rela.gnu.linkonce.d*)

.rel.ctors
 *(.rel.ctors)

.rela.ctors
 *(.rela.ctors)

.rel.dtors
 *(.rel.dtors)

.rela.dtors
 *(.rela.dtors)

.rel.got
 *(.rel.got)

.rela.got
 *(.rela.got)

.rel.bss
 *(.rel.bss)

.rela.bss
 *(.rela.bss)

.rel.plt
 *(.rel.plt)

.rela.plt
 *(.rela.plt)

.text           0x00000000     0x3e3a
 *(.vectors)
 .vectors       0x00000000       0x54 e:/eclipse/winavr/bin/../lib/gcc/avr/4.3.3/../../../../avr/lib/avr5/crtm32.o
                0x00000000                __vectors
                0x00000000                __vector_default
 *(.vectors)
 *(.progmem.gcc*)
 *(.progmem*)
                0x00000054                . = ALIGN (0x2)
                0x00000054                __trampolines_start = .
 *(.trampolines)
 .trampolines   0x00000054        0x0 linker stubs
 *(.trampolines*)
                0x00000054                __trampolines_end = .
 *(.jumptables)
 *(.jumptables*)
 *(.lowtext)
 *(.lowtext*)
                0x00000054                __ctors_start = .
 *(.ctors)
                0x00000054                __ctors_end = .
                0x00000054                __dtors_start = .
 *(.dtors)
                0x00000054                __dtors_end = .
 SORT(*)(.ctors)
 SORT(*)(.dtors)
 *(.init0)
 .init0         0x00000054        0x0 e:/eclipse/winavr/bin/../lib/gcc/avr/4.3.3/../../../../avr/lib/avr5/crtm32.o
                0x00000054                __init
 *(.init0)
 *(.init1)
 *(.init1)
 *(.init2)
 .init2         0x00000054        0xc e:/eclipse/winavr/bin/../lib/gcc/avr/4.3.3/../../../../avr/lib/avr5/crtm32.o
 *(.init2)
 *(.init3)
 *(.init3)
 *(.init4)
 .init4         0x00000060       0x16 e:/eclipse/winavr/bin/../lib/gcc/avr/4.3.3/avr5\libgcc.a(_copy_data.o)
                0x00000060                __do_copy_data
 .init4         0x00000076       0x10 e:/eclipse/winavr/bin/../lib/gcc/avr/4.3.3/avr5\libgcc.a(_clear_bss.o)
                0x00000076                __do_clear_bss
 *(.init4)
 *(.init5)
 *(.init5)
 *(.init6)
 *(.init6)
 *(.init7)
 *(.init7)
 *(.init8)
 *(.init8)
 *(.init9)
 .init9         0x00000086        0x8 e:/eclipse/winavr/bin/../lib/gcc/avr/4.3.3/../../../../avr/lib/avr5/crtm32.o
 *(.init9)
 *(.text)
 .text          0x0000008e        0x4 e:/eclipse/winavr/bin/../lib/gcc/avr/4.3.3/../../../../avr/lib/avr5/crtm32.o
                0x0000008e                __vector_1
                0x0000008e                __vector_12
                0x0000008e                __bad_interrupt
                0x0000008e                __vector_6
                0x0000008e                __vector_3
                0x0000008e                __vector_13
                0x0000008e                __vector_17
                0x0000008e                __vector_19
                0x0000008e                __vector_7
                0x0000008e                __vector_9
                0x0000008e                __vector_2
                0x0000008e                __vector_15
                0x0000008e                __vector_8
                0x0000008e                __vector_14
                0x0000008e                __vector_16
                0x0000008e                __vector_18
                0x0000008e                __vector_20
 .text          0x00000092        0x0 ./SecuritySystem/SS_program.o
 .text          0x00000092        0x0 ./MCAL/UART/UART_program.o
 .text          0x00000092        0x0 ./MCAL/TWI/TWI_program.o
 .text          0x00000092        0x0 ./MCAL/TMR2/TMR2_program.o
 .text          0x00000092        0x0 ./MCAL/TMR0/TMR0_program.o
 .text          0x00000092        0x0 ./MCAL/PWM/PWM_program.o
 .text          0x00000092        0x0 ./MCAL/GI/GI_program.o
 .text          0x00000092        0x0 ./MCAL/DIO/DIO_program.o
 .text          0x00000092        0x0 ./MCAL/ADC/ADC_program.o
 .text          0x00000092        0x0 ./LIGHT SYSTEM/LS_program.o
 .text          0x00000092        0x0 ./HAL/SERVO/SERVO_program.o
 .text          0x00000092        0x0 ./HAL/RELAY/RELAY_program.o
 .text          0x00000092        0x0 ./HAL/LM35/LM35_program.o
 .text          0x00000092        0x0 ./HAL/LED/LED_program.o
 .text          0x00000092        0x0 ./HAL/LCD/LCD_program.o
 .text          0x00000092        0x0 ./HAL/KPD/KPD_program.o
 .text          0x00000092        0x0 ./HAL/EEPROM/EEPROM_program.o
 .text          0x00000092        0x0 ./HAL/DCM/DCM_program.o
 .text          0x00000092        0x0 ./HAL/BUZZER/BUZZER_program.o
 .text          0x00000092        0x0 ./Door/DOOR_program.o
 .text          0x00000092        0x0 ./DIMMER/DIMMER_program.o
 .text          0x00000092        0x0 ./ALERT SYSTEM/AS_program.o
 .text          0x00000092        0x0 ./AIRCONDITION/AC_program.o
 .text          0x00000092        0x0 ./main.o
 .text          0x00000092        0x0 e:/eclipse/winavr/bin/../lib/gcc/avr/4.3.3/avr5\libgcc.a(_mulsi3.o)
 .text          0x00000092        0x0 e:/eclipse/winavr/bin/../lib/gcc/avr/4.3.3/avr5\libgcc.a(_udivmodqi4.o)
 .text          0x00000092        0x0 e:/eclipse/winavr/bin/../lib/gcc/avr/4.3.3/avr5\libgcc.a(_udivmodhi4.o)
 .text          0x00000092        0x0 e:/eclipse/winavr/bin/../lib/gcc/avr/4.3.3/avr5\libgcc.a(_udivmodsi4.o)
 .text          0x00000092        0x0 e:/eclipse/winavr/bin/../lib/gcc/avr/4.3.3/avr5\libgcc.a(_exit.o)
 .text          0x00000092        0x0 e:/eclipse/winavr/bin/../lib/gcc/avr/4.3.3/avr5\libgcc.a(_copy_data.o)
 .text          0x00000092        0x0 e:/eclipse/winavr/bin/../lib/gcc/avr/4.3.3/avr5\libgcc.a(_clear_bss.o)
 .text          0x00000092       0x58 e:/eclipse/winavr/bin/../lib/gcc/avr/4.3.3/avr5\libgcc.a(_fixunssfsi.o)
                0x00000092                __fixunssfsi
 .text          0x000000ea      0x354 e:/eclipse/winavr/bin/../lib/gcc/avr/4.3.3/avr5\libgcc.a(_addsub_sf.o)
                0x00000382                __subsf3
                0x000003e4                __addsf3
 .text          0x0000043e      0x1f4 e:/eclipse/winavr/bin/../lib/gcc/avr/4.3.3/avr5\libgcc.a(_mul_sf.o)
                0x0000043e                __mulsf3
 .text          0x00000632      0x158 e:/eclipse/winavr/bin/../lib/gcc/avr/4.3.3/avr5\libgcc.a(_div_sf.o)
                0x00000632                __divsf3
 .text          0x0000078a       0x60 e:/eclipse/winavr/bin/../lib/gcc/avr/4.3.3/avr5\libgcc.a(_ge_sf.o)
                0x0000078a                __gesf2
 .text          0x000007ea       0x60 e:/eclipse/winavr/bin/../lib/gcc/avr/4.3.3/avr5\libgcc.a(_le_sf.o)
                0x000007ea                __lesf2
 .text          0x0000084a       0xa8 e:/eclipse/winavr/bin/../lib/gcc/avr/4.3.3/avr5\libgcc.a(_sf_to_si.o)
                0x0000084a                __fixsfsi
 .text          0x000008f2        0x0 e:/eclipse/winavr/bin/../lib/gcc/avr/4.3.3/avr5\libgcc.a(_thenan_sf.o)
 .text          0x000008f2       0xf2 e:/eclipse/winavr/bin/../lib/gcc/avr/4.3.3/avr5\libgcc.a(_usi_to_sf.o)
                0x000008f2                __floatunsisf
 .text          0x000009e4        0x0 e:/eclipse/winavr/bin/../lib/gcc/avr/4.3.3/avr5\libgcc.a(_prologue.o)
 .text          0x000009e4        0x0 e:/eclipse/winavr/bin/../lib/gcc/avr/4.3.3/avr5\libgcc.a(_epilogue.o)
 .text          0x000009e4       0x9e e:/eclipse/winavr/bin/../lib/gcc/avr/4.3.3/avr5\libgcc.a(_clzsi2.o)
                0x000009e4                __clzsi2
 .text          0x00000a82      0x1aa e:/eclipse/winavr/bin/../lib/gcc/avr/4.3.3/avr5\libgcc.a(_pack_sf.o)
                0x00000a82                __pack_f
 .text          0x00000c2c       0xf0 e:/eclipse/winavr/bin/../lib/gcc/avr/4.3.3/avr5\libgcc.a(_unpack_sf.o)
                0x00000c2c                __unpack_f
 .text          0x00000d1c       0xb2 e:/eclipse/winavr/bin/../lib/gcc/avr/4.3.3/avr5\libgcc.a(_fpcmp_parts_sf.o)
                0x00000d1c                __fpcmp_parts_f
 .text          0x00000dce        0x0 e:/eclipse/winavr/bin/../lib/gcc/avr/4.3.3/avr5\libgcc.a(_clz.o)
                0x00000dce                . = ALIGN (0x2)
 *(.text.*)
 .text.SS_voidIsAuthenticated
                0x00000dce        0xa ./SecuritySystem/SS_program.o
                0x00000dce                SS_voidIsAuthenticated
 .text.SS_voidDisplayUserMenu
                0x00000dd8      0x10a ./SecuritySystem/SS_program.o
 .text.SS_voidCheckUserPassword
                0x00000ee2      0x1aa ./SecuritySystem/SS_program.o
 .text.SS_voidLogin
                0x0000108c      0x444 ./SecuritySystem/SS_program.o
                0x0000108c                SS_voidLogin
 .text.SS_voidDisplayAdminMenu
                0x000014d0      0x6a8 ./SecuritySystem/SS_program.o
 .text.SS_voidInit
                0x00001b78       0x22 ./SecuritySystem/SS_program.o
                0x00001b78                SS_voidInit
 .text.UART_voidInit
                0x00001b9a       0x12 ./MCAL/UART/UART_program.o
                0x00001b9a                UART_voidInit
 .text.UART_voidTxChar
                0x00001bac        0x8 ./MCAL/UART/UART_program.o
                0x00001bac                UART_voidTxChar
 .text.UART_voidTxNumber
                0x00001bb4       0x50 ./MCAL/UART/UART_program.o
                0x00001bb4                UART_voidTxNumber
 .text.UART_voidTxNewLine
                0x00001c04       0x12 ./MCAL/UART/UART_program.o
                0x00001c04                UART_voidTxNewLine
 .text.UART_voidTxString
                0x00001c16       0x22 ./MCAL/UART/UART_program.o
                0x00001c16                UART_voidTxString
 .text.UART_voidRxChar
                0x00001c38       0x10 ./MCAL/UART/UART_program.o
                0x00001c38                UART_voidRxChar
 .text.TWI_voidInit
                0x00001c48       0x10 ./MCAL/TWI/TWI_program.o
                0x00001c48                TWI_voidInit
 .text.TWI_voidSendStartCondition
                0x00001c58       0x1c ./MCAL/TWI/TWI_program.o
                0x00001c58                TWI_voidSendStartCondition
 .text.TWI_voidSendRepeatStartCondition
                0x00001c74       0x1c ./MCAL/TWI/TWI_program.o
                0x00001c74                TWI_voidSendRepeatStartCondition
 .text.TWI_voidSendStopCondition
                0x00001c90        0xe ./MCAL/TWI/TWI_program.o
                0x00001c90                TWI_voidSendStopCondition
 .text.TWI_voidSendSlaveAddressWithWrite
                0x00001c9e       0x26 ./MCAL/TWI/TWI_program.o
                0x00001c9e                TWI_voidSendSlaveAddressWithWrite
 .text.TWI_voidSendSlaveAddressWithRead
                0x00001cc4       0x26 ./MCAL/TWI/TWI_program.o
                0x00001cc4                TWI_voidSendSlaveAddressWithRead
 .text.TWI_voidSendMasterByteData
                0x00001cea       0x18 ./MCAL/TWI/TWI_program.o
                0x00001cea                TWI_voidSendMasterByteData
 .text.TWI_voidReceiveMasterByteDataWithAck
                0x00001d02       0x2c ./MCAL/TWI/TWI_program.o
                0x00001d02                TWI_voidReceiveMasterByteDataWithAck
 .text.TWI_voidReceiveMasterByteDataWithNAck
                0x00001d2e       0x20 ./MCAL/TWI/TWI_program.o
                0x00001d2e                TWI_voidReceiveMasterByteDataWithNAck
 .text.TWI_voidListenToMaster
                0x00001d4e        0x8 ./MCAL/TWI/TWI_program.o
                0x00001d4e                TWI_voidListenToMaster
 .text.TMR2_voidInit
                0x00001d56       0x5e ./MCAL/TMR2/TMR2_program.o
                0x00001d56                TMR2_voidInit
 .text.TMR2_voidStart
                0x00001db4       0x12 ./MCAL/TMR2/TMR2_program.o
                0x00001db4                TMR2_voidStart
 .text.TMR2_voidStop
                0x00001dc6       0x14 ./MCAL/TMR2/TMR2_program.o
                0x00001dc6                TMR2_voidStop
 .text.TMR2_voidSetDelay_ms_OVR
                0x00001dda      0x17e ./MCAL/TMR2/TMR2_program.o
                0x00001dda                TMR2_voidSetDelay_ms_OVR
 .text.TMR2_voidSetDelay_ms_CTC
                0x00001f58       0x8c ./MCAL/TMR2/TMR2_program.o
                0x00001f58                TMR2_voidSetDelay_ms_CTC
 .text.TMR2_voidSetCallBackOVR
                0x00001fe4        0xe ./MCAL/TMR2/TMR2_program.o
                0x00001fe4                TMR2_voidSetCallBackOVR
 .text.TMR2_voidSetCallBackCTC
                0x00001ff2        0xe ./MCAL/TMR2/TMR2_program.o
                0x00001ff2                TMR2_voidSetCallBackCTC
 .text.__vector_5
                0x00002000       0x88 ./MCAL/TMR2/TMR2_program.o
                0x00002000                __vector_5
 .text.__vector_4
                0x00002088       0x82 ./MCAL/TMR2/TMR2_program.o
                0x00002088                __vector_4
 .text.TMR0_voidInit
                0x0000210a       0x18 ./MCAL/TMR0/TMR0_program.o
                0x0000210a                TMR0_voidInit
 .text.TMR0_voidStart
                0x00002122       0x14 ./MCAL/TMR0/TMR0_program.o
                0x00002122                TMR0_voidStart
 .text.TMR0_voidStop
                0x00002136       0x14 ./MCAL/TMR0/TMR0_program.o
                0x00002136                TMR0_voidStop
 .text.TMR0_voidSetDelay_ms_UsingCTC
                0x0000214a        0x6 ./MCAL/TMR0/TMR0_program.o
                0x0000214a                TMR0_voidSetDelay_ms_UsingCTC
 .text.TMR0_voidSetCallBackOVF
                0x00002150        0xe ./MCAL/TMR0/TMR0_program.o
                0x00002150                TMR0_voidSetCallBackOVF
 .text.TMR0_voidSetCallBackCTC
                0x0000215e        0xe ./MCAL/TMR0/TMR0_program.o
                0x0000215e                TMR0_voidSetCallBackCTC
 .text.__vector_10
                0x0000216c       0x6a ./MCAL/TMR0/TMR0_program.o
                0x0000216c                __vector_10
 .text.__vector_11
                0x000021d6       0x70 ./MCAL/TMR0/TMR0_program.o
                0x000021d6                __vector_11
 .text.PWM0_voidInitChannel_0
                0x00002246       0x1a ./MCAL/PWM/PWM_program.o
                0x00002246                PWM0_voidInitChannel_0
 .text.PWM0_voidGenerate_PWM_Channel_0
                0x00002260       0x1c ./MCAL/PWM/PWM_program.o
                0x00002260                PWM0_voidGenerate_PWM_Channel_0
 .text.PWM1_voidInitChannel_1A
                0x0000227c       0x26 ./MCAL/PWM/PWM_program.o
                0x0000227c                PWM1_voidInitChannel_1A
 .text.PWM1_voidGenerate_PWM_Channel_1A
                0x000022a2       0x9c ./MCAL/PWM/PWM_program.o
                0x000022a2                PWM1_voidGenerate_PWM_Channel_1A
 .text.GI_voidEnable
                0x0000233e        0x8 ./MCAL/GI/GI_program.o
                0x0000233e                GI_voidEnable
 .text.GI_voidDisable
                0x00002346        0x8 ./MCAL/GI/GI_program.o
                0x00002346                GI_voidDisable
 .text.DIO_voidSetPinDirection
                0x0000234e      0x10c ./MCAL/DIO/DIO_program.o
                0x0000234e                DIO_voidSetPinDirection
 .text.DIO_voidSetPinValue
                0x0000245a      0x10c ./MCAL/DIO/DIO_program.o
                0x0000245a                DIO_voidSetPinValue
 .text.DIO_voidGetPinValue
                0x00002566       0x52 ./MCAL/DIO/DIO_program.o
                0x00002566                DIO_voidGetPinValue
 .text.DIO_voidTogglePinValue
                0x000025b8       0x72 ./MCAL/DIO/DIO_program.o
                0x000025b8                DIO_voidTogglePinValue
 .text.DIO_voidActiveIntPullUpResistance
                0x0000262a       0x72 ./MCAL/DIO/DIO_program.o
                0x0000262a                DIO_voidActiveIntPullUpResistance
 .text.DIO_voidSetPortDirection
                0x0000269c       0x6a ./MCAL/DIO/DIO_program.o
                0x0000269c                DIO_voidSetPortDirection
 .text.DIO_voidSetPortValue
                0x00002706       0x6a ./MCAL/DIO/DIO_program.o
                0x00002706                DIO_voidSetPortValue
 .text.DIO_voidGetPortValue
                0x00002770       0x32 ./MCAL/DIO/DIO_program.o
                0x00002770                DIO_voidGetPortValue
 .text.DIO_voidTogglePortValue
                0x000027a2       0x36 ./MCAL/DIO/DIO_program.o
                0x000027a2                DIO_voidTogglePortValue
 .text.DIO_voidActiveIntPortPullUpResistance
                0x000027d8       0x2e ./MCAL/DIO/DIO_program.o
                0x000027d8                DIO_voidActiveIntPortPullUpResistance
 .text.ADC_voidInit
                0x00002806       0x2a ./MCAL/ADC/ADC_program.o
                0x00002806                ADC_voidInit
 .text.ADC_voidGetDigiatlValue
                0x00002830       0x2c ./MCAL/ADC/ADC_program.o
                0x00002830                ADC_voidGetDigiatlValue
 .text.LS_voidStartBluetooth
                0x0000285c      0x264 ./LIGHT SYSTEM/LS_program.o
                0x0000285c                LS_voidStartBluetooth
 .text.LS_voidStartKPD
                0x00002ac0      0x432 ./LIGHT SYSTEM/LS_program.o
                0x00002ac0                LS_voidStartKPD
 .text.LS_voidInit
                0x00002ef2       0x2a ./LIGHT SYSTEM/LS_program.o
                0x00002ef2                LS_voidInit
 .text.SERVO_voidRotate0_180
                0x00002f1c       0x34 ./HAL/SERVO/SERVO_program.o
                0x00002f1c                SERVO_voidRotate0_180
 .text.SERVO_voidInit
                0x00002f50       0x10 ./HAL/SERVO/SERVO_program.o
                0x00002f50                SERVO_voidInit
 .text.RELAY_voidOff
                0x00002f60        0xc ./HAL/RELAY/RELAY_program.o
                0x00002f60                RELAY_voidOff
 .text.RELAY_voidOn
                0x00002f6c        0xc ./HAL/RELAY/RELAY_program.o
                0x00002f6c                RELAY_voidOn
 .text.RELAY_voidInit
                0x00002f78        0xc ./HAL/RELAY/RELAY_program.o
                0x00002f78                RELAY_voidInit
 .text.LM35_voidGetTemp
                0x00002f84       0x72 ./HAL/LM35/LM35_program.o
                0x00002f84                LM35_voidGetTemp
 .text.LM35_voidInit
                0x00002ff6        0x8 ./HAL/LM35/LM35_program.o
                0x00002ff6                LM35_voidInit
 .text.LED_voidLedToggle
                0x00002ffe        0x6 ./HAL/LED/LED_program.o
                0x00002ffe                LED_voidLedToggle
 .text.LED_voidLedOff
                0x00003004       0x1a ./HAL/LED/LED_program.o
                0x00003004                LED_voidLedOff
 .text.LED_voidLedOn
                0x0000301e       0x1a ./HAL/LED/LED_program.o
                0x0000301e                LED_voidLedOn
 .text.LED_voidInit
                0x00003038        0x8 ./HAL/LED/LED_program.o
                0x00003038                LED_voidInit
 .text.PRV_voidWriteHalfPort
                0x00003040       0x40 ./HAL/LCD/LCD_program.o
 .text.LCD_voidDisplayChar
                0x00003080       0x6c ./HAL/LCD/LCD_program.o
                0x00003080                LCD_voidDisplayChar
 .text.LCD_voidDisplayNumber
                0x000030ec       0xd8 ./HAL/LCD/LCD_program.o
                0x000030ec                LCD_voidDisplayNumber
 .text.LCD_voidDisplayString
                0x000031c4       0x2a ./HAL/LCD/LCD_program.o
                0x000031c4                LCD_voidDisplayString
 .text.LCD_voidSendCommand
                0x000031ee       0x6c ./HAL/LCD/LCD_program.o
                0x000031ee                LCD_voidSendCommand
 .text.LCD_voidGoToSpecificPosition
                0x0000325a       0x1e ./HAL/LCD/LCD_program.o
                0x0000325a                LCD_voidGoToSpecificPosition
 .text.LCD_voidShift
                0x00003278       0x2a ./HAL/LCD/LCD_program.o
                0x00003278                LCD_voidShift
 .text.LCD_voidClear
                0x000032a2       0x10 ./HAL/LCD/LCD_program.o
                0x000032a2                LCD_voidClear
 .text.LCD_voidInit
                0x000032b2       0xc8 ./HAL/LCD/LCD_program.o
                0x000032b2                LCD_voidInit
 .text.KPD_voidGetValue
                0x0000337a      0x190 ./HAL/KPD/KPD_program.o
                0x0000337a                KPD_voidGetValue
 .text.KPD_voidInit
                0x0000350a       0x86 ./HAL/KPD/KPD_program.o
                0x0000350a                KPD_voidInit
 .text.EEPROM_voidReadByte
                0x00003590       0x4c ./HAL/EEPROM/EEPROM_program.o
                0x00003590                EEPROM_voidReadByte
 .text.EEPROM_voidWriteByte
                0x000035dc       0x38 ./HAL/EEPROM/EEPROM_program.o
                0x000035dc                EEPROM_voidWriteByte
 .text.EEPROM_voidInit
                0x00003614        0x6 ./HAL/EEPROM/EEPROM_program.o
                0x00003614                EEPROM_voidInit
 .text.DCM_voidInit
                0x0000361a       0x4e ./HAL/DCM/DCM_program.o
                0x0000361a                DCM_voidInit
 .text.DCM_voidControlMotorSpeed
                0x00003668       0xc6 ./HAL/DCM/DCM_program.o
                0x00003668                DCM_voidControlMotorSpeed
 .text.DCM_voidOff
                0x0000372e       0x4e ./HAL/DCM/DCM_program.o
                0x0000372e                DCM_voidOff
 .text.DCM_voidOn
                0x0000377c       0x9e ./HAL/DCM/DCM_program.o
                0x0000377c                DCM_voidOn
 .text.BUZZER_voidToggle
                0x0000381a        0x6 ./HAL/BUZZER/BUZZER_program.o
                0x0000381a                BUZZER_voidToggle
 .text.BUZZER_voidOff
                0x00003820        0x8 ./HAL/BUZZER/BUZZER_program.o
                0x00003820                BUZZER_voidOff
 .text.BUZZER_voidOn
                0x00003828        0x8 ./HAL/BUZZER/BUZZER_program.o
                0x00003828                BUZZER_voidOn
 .text.BUZZER_voidInit
                0x00003830        0x8 ./HAL/BUZZER/BUZZER_program.o
                0x00003830                BUZZER_voidInit
 .text.DOOR_voidClose
                0x00003838        0x8 ./Door/DOOR_program.o
                0x00003838                DOOR_voidClose
 .text.DOOR_voidOpen
                0x00003840        0x8 ./Door/DOOR_program.o
                0x00003840                DOOR_voidOpen
 .text.DOOR_voidInit
                0x00003848       0x8c ./Door/DOOR_program.o
                0x00003848                DOOR_voidInit
 .text.DIMMER_voidStartBluetooth
                0x000038d4       0x9a ./DIMMER/DIMMER_program.o
                0x000038d4                DIMMER_voidStartBluetooth
 .text.DIMMER_voidStartKPD
                0x0000396e       0xb6 ./DIMMER/DIMMER_program.o
                0x0000396e                DIMMER_voidStartKPD
 .text.DIMMER_voidInit
                0x00003a24       0x14 ./DIMMER/DIMMER_program.o
                0x00003a24                DIMMER_voidInit
 .text.AS_voidStart
                0x00003a38       0x34 ./ALERT SYSTEM/AS_program.o
                0x00003a38                AS_voidStart
 .text.AS_voidInit
                0x00003a6c       0x12 ./ALERT SYSTEM/AS_program.o
                0x00003a6c                AS_voidInit
 .text.AC_voidStatus
                0x00003a7e       0xb4 ./AIRCONDITION/AC_program.o
 .text.AC_voidStart
                0x00003b32       0x10 ./AIRCONDITION/AC_program.o
 .text.AC_voidStop
                0x00003b42       0x14 ./AIRCONDITION/AC_program.o
 .text.AC_voidShowMenuKPD
                0x00003b56       0xa2 ./AIRCONDITION/AC_program.o
                0x00003b56                AC_voidShowMenuKPD
 .text.AC_voidShowMenuBluetooth
                0x00003bf8       0xa8 ./AIRCONDITION/AC_program.o
                0x00003bf8                AC_voidShowMenuBluetooth
 .text.AC_voidInit
                0x00003ca0       0x28 ./AIRCONDITION/AC_program.o
                0x00003ca0                AC_voidInit
 .text.action   0x00003cc8       0x34 ./AIRCONDITION/AC_program.o
 .text.main     0x00003cfc        0xa ./main.o
                0x00003cfc                main
 .text.libgcc   0x00003d06       0x3e e:/eclipse/winavr/bin/../lib/gcc/avr/4.3.3/avr5\libgcc.a(_mulsi3.o)
                0x00003d06                __mulsi3
 .text.libgcc   0x00003d44       0x18 e:/eclipse/winavr/bin/../lib/gcc/avr/4.3.3/avr5\libgcc.a(_udivmodqi4.o)
                0x00003d44                __udivmodqi4
 .text.libgcc   0x00003d5c       0x28 e:/eclipse/winavr/bin/../lib/gcc/avr/4.3.3/avr5\libgcc.a(_udivmodhi4.o)
                0x00003d5c                __udivmodhi4
 .text.libgcc   0x00003d84       0x44 e:/eclipse/winavr/bin/../lib/gcc/avr/4.3.3/avr5\libgcc.a(_udivmodsi4.o)
                0x00003d84                __udivmodsi4
 .text.libgcc   0x00003dc8        0x0 e:/eclipse/winavr/bin/../lib/gcc/avr/4.3.3/avr5\libgcc.a(_exit.o)
 .text.libgcc   0x00003dc8        0x0 e:/eclipse/winavr/bin/../lib/gcc/avr/4.3.3/avr5\libgcc.a(_copy_data.o)
 .text.libgcc   0x00003dc8        0x0 e:/eclipse/winavr/bin/../lib/gcc/avr/4.3.3/avr5\libgcc.a(_clear_bss.o)
 .text.libgcc   0x00003dc8       0x38 e:/eclipse/winavr/bin/../lib/gcc/avr/4.3.3/avr5\libgcc.a(_prologue.o)
                0x00003dc8                __prologue_saves__
 .text.libgcc   0x00003e00       0x36 e:/eclipse/winavr/bin/../lib/gcc/avr/4.3.3/avr5\libgcc.a(_epilogue.o)
                0x00003e00                __epilogue_restores__
                0x00003e36                . = ALIGN (0x2)
 *(.fini9)
 .fini9         0x00003e36        0x0 e:/eclipse/winavr/bin/../lib/gcc/avr/4.3.3/avr5\libgcc.a(_exit.o)
                0x00003e36                exit
                0x00003e36                _exit
 *(.fini9)
 *(.fini8)
 *(.fini8)
 *(.fini7)
 *(.fini7)
 *(.fini6)
 *(.fini6)
 *(.fini5)
 *(.fini5)
 *(.fini4)
 *(.fini4)
 *(.fini3)
 *(.fini3)
 *(.fini2)
 *(.fini2)
 *(.fini1)
 *(.fini1)
 *(.fini0)
 .fini0         0x00003e36        0x4 e:/eclipse/winavr/bin/../lib/gcc/avr/4.3.3/avr5\libgcc.a(_exit.o)
 *(.fini0)
                0x00003e3a                _etext = .

.data           0x00800060      0x590 load address 0x00003e3a
                0x00800060                PROVIDE (__data_start, .)
 *(.data)
 .data          0x00800060        0x0 e:/eclipse/winavr/bin/../lib/gcc/avr/4.3.3/../../../../avr/lib/avr5/crtm32.o
 .data          0x00800060      0x244 ./SecuritySystem/SS_program.o
 .data          0x008002a4        0x0 ./MCAL/UART/UART_program.o
 .data          0x008002a4        0x0 ./MCAL/TWI/TWI_program.o
 .data          0x008002a4        0x0 ./MCAL/TMR2/TMR2_program.o
 .data          0x008002a4        0x0 ./MCAL/TMR0/TMR0_program.o
 .data          0x008002a4        0x0 ./MCAL/PWM/PWM_program.o
 .data          0x008002a4        0x0 ./MCAL/GI/GI_program.o
 .data          0x008002a4        0x0 ./MCAL/DIO/DIO_program.o
 .data          0x008002a4        0x0 ./MCAL/ADC/ADC_program.o
 .data          0x008002a4       0xfe ./LIGHT SYSTEM/LS_program.o
 .data          0x008003a2        0x0 ./HAL/SERVO/SERVO_program.o
 .data          0x008003a2        0x0 ./HAL/RELAY/RELAY_program.o
 .data          0x008003a2        0x0 ./HAL/LM35/LM35_program.o
 .data          0x008003a2        0x0 ./HAL/LED/LED_program.o
 .data          0x008003a2        0x0 ./HAL/LCD/LCD_program.o
 .data          0x008003a2        0x0 ./HAL/KPD/KPD_program.o
 .data          0x008003a2        0x0 ./HAL/EEPROM/EEPROM_program.o
 .data          0x008003a2        0x0 ./HAL/DCM/DCM_program.o
 .data          0x008003a2        0x0 ./HAL/BUZZER/BUZZER_program.o
 .data          0x008003a2       0x34 ./Door/DOOR_program.o
 .data          0x008003d6       0x80 ./DIMMER/DIMMER_program.o
 .data          0x00800456        0xc ./ALERT SYSTEM/AS_program.o
 .data          0x00800462       0x73 ./AIRCONDITION/AC_program.o
 .data          0x008004d5        0x0 ./main.o
 .data          0x008004d5        0x0 e:/eclipse/winavr/bin/../lib/gcc/avr/4.3.3/avr5\libgcc.a(_mulsi3.o)
 .data          0x008004d5        0x0 e:/eclipse/winavr/bin/../lib/gcc/avr/4.3.3/avr5\libgcc.a(_udivmodqi4.o)
 .data          0x008004d5        0x0 e:/eclipse/winavr/bin/../lib/gcc/avr/4.3.3/avr5\libgcc.a(_udivmodhi4.o)
 .data          0x008004d5        0x0 e:/eclipse/winavr/bin/../lib/gcc/avr/4.3.3/avr5\libgcc.a(_udivmodsi4.o)
 .data          0x008004d5        0x0 e:/eclipse/winavr/bin/../lib/gcc/avr/4.3.3/avr5\libgcc.a(_exit.o)
 .data          0x008004d5        0x0 e:/eclipse/winavr/bin/../lib/gcc/avr/4.3.3/avr5\libgcc.a(_copy_data.o)
 .data          0x008004d5        0x0 e:/eclipse/winavr/bin/../lib/gcc/avr/4.3.3/avr5\libgcc.a(_clear_bss.o)
 .data          0x008004d5        0x0 e:/eclipse/winavr/bin/../lib/gcc/avr/4.3.3/avr5\libgcc.a(_fixunssfsi.o)
 .data          0x008004d5        0x0 e:/eclipse/winavr/bin/../lib/gcc/avr/4.3.3/avr5\libgcc.a(_addsub_sf.o)
 .data          0x008004d5        0x0 e:/eclipse/winavr/bin/../lib/gcc/avr/4.3.3/avr5\libgcc.a(_mul_sf.o)
 .data          0x008004d5        0x0 e:/eclipse/winavr/bin/../lib/gcc/avr/4.3.3/avr5\libgcc.a(_div_sf.o)
 .data          0x008004d5        0x0 e:/eclipse/winavr/bin/../lib/gcc/avr/4.3.3/avr5\libgcc.a(_ge_sf.o)
 .data          0x008004d5        0x0 e:/eclipse/winavr/bin/../lib/gcc/avr/4.3.3/avr5\libgcc.a(_le_sf.o)
 .data          0x008004d5        0x0 e:/eclipse/winavr/bin/../lib/gcc/avr/4.3.3/avr5\libgcc.a(_sf_to_si.o)
 .data          0x008004d5        0x8 e:/eclipse/winavr/bin/../lib/gcc/avr/4.3.3/avr5\libgcc.a(_thenan_sf.o)
                0x008004d5                __thenan_sf
 .data          0x008004dd        0x0 e:/eclipse/winavr/bin/../lib/gcc/avr/4.3.3/avr5\libgcc.a(_usi_to_sf.o)
 .data          0x008004dd        0x0 e:/eclipse/winavr/bin/../lib/gcc/avr/4.3.3/avr5\libgcc.a(_prologue.o)
 .data          0x008004dd        0x0 e:/eclipse/winavr/bin/../lib/gcc/avr/4.3.3/avr5\libgcc.a(_epilogue.o)
 .data          0x008004dd        0x0 e:/eclipse/winavr/bin/../lib/gcc/avr/4.3.3/avr5\libgcc.a(_clzsi2.o)
 .data          0x008004dd        0x0 e:/eclipse/winavr/bin/../lib/gcc/avr/4.3.3/avr5\libgcc.a(_pack_sf.o)
 .data          0x008004dd        0x0 e:/eclipse/winavr/bin/../lib/gcc/avr/4.3.3/avr5\libgcc.a(_unpack_sf.o)
 .data          0x008004dd        0x0 e:/eclipse/winavr/bin/../lib/gcc/avr/4.3.3/avr5\libgcc.a(_fpcmp_parts_sf.o)
 .data          0x008004dd      0x100 e:/eclipse/winavr/bin/../lib/gcc/avr/4.3.3/avr5\libgcc.a(_clz.o)
                0x008004dd                __clz_tab
 *(.data*)
 *(.rodata)
 *(.rodata*)
 .rodata.C.2.1250
                0x008005dd        0xc ./HAL/KPD/KPD_program.o
 .rodata.C.1.1249
                0x008005e9        0x3 ./HAL/KPD/KPD_program.o
 .rodata.C.0.1248
                0x008005ec        0x3 ./HAL/KPD/KPD_program.o
 *(.gnu.linkonce.d*)
                0x008005f0                . = ALIGN (0x2)
 *fill*         0x008005ef        0x1 00
                0x008005f0                _edata = .
                0x008005f0                PROVIDE (__data_end, .)

.bss            0x008005f0       0x1c
                0x008005f0                PROVIDE (__bss_start, .)
 *(.bss)
 .bss           0x008005f0        0x0 e:/eclipse/winavr/bin/../lib/gcc/avr/4.3.3/../../../../avr/lib/avr5/crtm32.o
 .bss           0x008005f0        0x0 ./SecuritySystem/SS_program.o
 .bss           0x008005f0        0x0 ./MCAL/UART/UART_program.o
 .bss           0x008005f0        0x0 ./MCAL/TWI/TWI_program.o
 .bss           0x008005f0        0x0 ./MCAL/TMR2/TMR2_program.o
 .bss           0x008005f0        0x0 ./MCAL/TMR0/TMR0_program.o
 .bss           0x008005f0        0x0 ./MCAL/PWM/PWM_program.o
 .bss           0x008005f0        0x0 ./MCAL/GI/GI_program.o
 .bss           0x008005f0        0x0 ./MCAL/DIO/DIO_program.o
 .bss           0x008005f0        0x0 ./MCAL/ADC/ADC_program.o
 .bss           0x008005f0        0x0 ./LIGHT SYSTEM/LS_program.o
 .bss           0x008005f0        0x0 ./HAL/SERVO/SERVO_program.o
 .bss           0x008005f0        0x0 ./HAL/RELAY/RELAY_program.o
 .bss           0x008005f0        0x0 ./HAL/LM35/LM35_program.o
 .bss           0x008005f0        0x0 ./HAL/LED/LED_program.o
 .bss           0x008005f0        0x0 ./HAL/LCD/LCD_program.o
 .bss           0x008005f0        0x0 ./HAL/KPD/KPD_program.o
 .bss           0x008005f0        0x0 ./HAL/EEPROM/EEPROM_program.o
 .bss           0x008005f0        0x0 ./HAL/DCM/DCM_program.o
 .bss           0x008005f0        0x0 ./HAL/BUZZER/BUZZER_program.o
 .bss           0x008005f0        0x0 ./Door/DOOR_program.o
 .bss           0x008005f0        0x0 ./DIMMER/DIMMER_program.o
 .bss           0x008005f0        0x0 ./ALERT SYSTEM/AS_program.o
 .bss           0x008005f0        0x0 ./AIRCONDITION/AC_program.o
 .bss           0x008005f0        0x0 ./main.o
 .bss           0x008005f0        0x0 e:/eclipse/winavr/bin/../lib/gcc/avr/4.3.3/avr5\libgcc.a(_mulsi3.o)
 .bss           0x008005f0        0x0 e:/eclipse/winavr/bin/../lib/gcc/avr/4.3.3/avr5\libgcc.a(_udivmodqi4.o)
 .bss           0x008005f0        0x0 e:/eclipse/winavr/bin/../lib/gcc/avr/4.3.3/avr5\libgcc.a(_udivmodhi4.o)
 .bss           0x008005f0        0x0 e:/eclipse/winavr/bin/../lib/gcc/avr/4.3.3/avr5\libgcc.a(_udivmodsi4.o)
 .bss           0x008005f0        0x0 e:/eclipse/winavr/bin/../lib/gcc/avr/4.3.3/avr5\libgcc.a(_exit.o)
 .bss           0x008005f0        0x0 e:/eclipse/winavr/bin/../lib/gcc/avr/4.3.3/avr5\libgcc.a(_copy_data.o)
 .bss           0x008005f0        0x0 e:/eclipse/winavr/bin/../lib/gcc/avr/4.3.3/avr5\libgcc.a(_clear_bss.o)
 .bss           0x008005f0        0x0 e:/eclipse/winavr/bin/../lib/gcc/avr/4.3.3/avr5\libgcc.a(_fixunssfsi.o)
 .bss           0x008005f0        0x0 e:/eclipse/winavr/bin/../lib/gcc/avr/4.3.3/avr5\libgcc.a(_addsub_sf.o)
 .bss           0x008005f0        0x0 e:/eclipse/winavr/bin/../lib/gcc/avr/4.3.3/avr5\libgcc.a(_mul_sf.o)
 .bss           0x008005f0        0x0 e:/eclipse/winavr/bin/../lib/gcc/avr/4.3.3/avr5\libgcc.a(_div_sf.o)
 .bss           0x008005f0        0x0 e:/eclipse/winavr/bin/../lib/gcc/avr/4.3.3/avr5\libgcc.a(_ge_sf.o)
 .bss           0x008005f0        0x0 e:/eclipse/winavr/bin/../lib/gcc/avr/4.3.3/avr5\libgcc.a(_le_sf.o)
 .bss           0x008005f0        0x0 e:/eclipse/winavr/bin/../lib/gcc/avr/4.3.3/avr5\libgcc.a(_sf_to_si.o)
 .bss           0x008005f0        0x0 e:/eclipse/winavr/bin/../lib/gcc/avr/4.3.3/avr5\libgcc.a(_thenan_sf.o)
 .bss           0x008005f0        0x0 e:/eclipse/winavr/bin/../lib/gcc/avr/4.3.3/avr5\libgcc.a(_usi_to_sf.o)
 .bss           0x008005f0        0x0 e:/eclipse/winavr/bin/../lib/gcc/avr/4.3.3/avr5\libgcc.a(_prologue.o)
 .bss           0x008005f0        0x0 e:/eclipse/winavr/bin/../lib/gcc/avr/4.3.3/avr5\libgcc.a(_epilogue.o)
 .bss           0x008005f0        0x0 e:/eclipse/winavr/bin/../lib/gcc/avr/4.3.3/avr5\libgcc.a(_clzsi2.o)
 .bss           0x008005f0        0x0 e:/eclipse/winavr/bin/../lib/gcc/avr/4.3.3/avr5\libgcc.a(_pack_sf.o)
 .bss           0x008005f0        0x0 e:/eclipse/winavr/bin/../lib/gcc/avr/4.3.3/avr5\libgcc.a(_unpack_sf.o)
 .bss           0x008005f0        0x0 e:/eclipse/winavr/bin/../lib/gcc/avr/4.3.3/avr5\libgcc.a(_fpcmp_parts_sf.o)
 .bss           0x008005f0        0x0 e:/eclipse/winavr/bin/../lib/gcc/avr/4.3.3/avr5\libgcc.a(_clz.o)
 *(.bss*)
 .bss.local_loggedUser
                0x008005f0        0x1 ./SecuritySystem/SS_program.o
 .bss.local_isAuthenticated
                0x008005f1        0x1 ./SecuritySystem/SS_program.o
 .bss.PRV_pFunCallBackCTC
                0x008005f2        0x2 ./MCAL/TMR2/TMR2_program.o
 .bss.PRV_u16No_Of_Interrupts_CTC
                0x008005f4        0x2 ./MCAL/TMR2/TMR2_program.o
 .bss.counter.1356
                0x008005f6        0x2 ./MCAL/TMR2/TMR2_program.o
 .bss.PRV_pFunCallBackOVR
                0x008005f8        0x2 ./MCAL/TMR2/TMR2_program.o
 .bss.PRV_u16NoOfOVF
                0x008005fa        0x2 ./MCAL/TMR2/TMR2_program.o
 .bss.PRV_u8PreloadValue
                0x008005fc        0x1 ./MCAL/TMR2/TMR2_program.o
 .bss.local_u16OVFCounter.1344
                0x008005fd        0x2 ./MCAL/TMR2/TMR2_program.o
 .bss.PRV_tClockSelect
                0x008005ff        0x1 ./MCAL/TMR2/TMR2_program.o
 .bss.PRV_pFunCallBackOVF
                0x00800600        0x2 ./MCAL/TMR0/TMR0_program.o
 .bss.local_u16OVFCounter.1268
                0x00800602        0x2 ./MCAL/TMR0/TMR0_program.o
 .bss.PRV_pFunCallBackCTC
                0x00800604        0x2 ./MCAL/TMR0/TMR0_program.o
 .bss.local_u16ctcCounter.1258
                0x00800606        0x2 ./MCAL/TMR0/TMR0_program.o
 .bss.PRV_u16ctcCounter
                0x00800608        0x2 ./MCAL/TMR0/TMR0_program.o
 .bss.Local_AC_Is_ON
                0x0080060a        0x1 ./AIRCONDITION/AC_program.o
 .bss.LocalIsKPD
                0x0080060b        0x1 ./AIRCONDITION/AC_program.o
 *(COMMON)
                0x0080060c                PROVIDE (__bss_end, .)
                0x00003e3a                __data_load_start = LOADADDR (.data)
                0x000043ca                __data_load_end = (__data_load_start + SIZEOF (.data))

.noinit         0x0080060c        0x0
                0x0080060c                PROVIDE (__noinit_start, .)
 *(.noinit*)
                0x0080060c                PROVIDE (__noinit_end, .)
                0x0080060c                _end = .
                0x0080060c                PROVIDE (__heap_start, .)

.eeprom         0x00810000        0x0
 *(.eeprom*)
                0x00810000                __eeprom_end = .

.fuse
 *(.fuse)
 *(.lfuse)
 *(.hfuse)
 *(.efuse)

.lock
 *(.lock*)

.signature
 *(.signature*)

.stab
 *(.stab)

.stabstr
 *(.stabstr)

.stab.excl
 *(.stab.excl)

.stab.exclstr
 *(.stab.exclstr)

.stab.index
 *(.stab.index)

.stab.indexstr
 *(.stab.indexstr)

.comment
 *(.comment)

.debug
 *(.debug)

.line
 *(.line)

.debug_srcinfo
 *(.debug_srcinfo)

.debug_sfnames
 *(.debug_sfnames)

.debug_aranges  0x00000000      0x180
 *(.debug_aranges)
 .debug_aranges
                0x00000000       0x20 e:/eclipse/winavr/bin/../lib/gcc/avr/4.3.3/avr5\libgcc.a(_fixunssfsi.o)
 .debug_aranges
                0x00000020       0x20 e:/eclipse/winavr/bin/../lib/gcc/avr/4.3.3/avr5\libgcc.a(_addsub_sf.o)
 .debug_aranges
                0x00000040       0x20 e:/eclipse/winavr/bin/../lib/gcc/avr/4.3.3/avr5\libgcc.a(_mul_sf.o)
 .debug_aranges
                0x00000060       0x20 e:/eclipse/winavr/bin/../lib/gcc/avr/4.3.3/avr5\libgcc.a(_div_sf.o)
 .debug_aranges
                0x00000080       0x20 e:/eclipse/winavr/bin/../lib/gcc/avr/4.3.3/avr5\libgcc.a(_ge_sf.o)
 .debug_aranges
                0x000000a0       0x20 e:/eclipse/winavr/bin/../lib/gcc/avr/4.3.3/avr5\libgcc.a(_le_sf.o)
 .debug_aranges
                0x000000c0       0x20 e:/eclipse/winavr/bin/../lib/gcc/avr/4.3.3/avr5\libgcc.a(_sf_to_si.o)
 .debug_aranges
                0x000000e0       0x20 e:/eclipse/winavr/bin/../lib/gcc/avr/4.3.3/avr5\libgcc.a(_usi_to_sf.o)
 .debug_aranges
                0x00000100       0x20 e:/eclipse/winavr/bin/../lib/gcc/avr/4.3.3/avr5\libgcc.a(_clzsi2.o)
 .debug_aranges
                0x00000120       0x20 e:/eclipse/winavr/bin/../lib/gcc/avr/4.3.3/avr5\libgcc.a(_pack_sf.o)
 .debug_aranges
                0x00000140       0x20 e:/eclipse/winavr/bin/../lib/gcc/avr/4.3.3/avr5\libgcc.a(_unpack_sf.o)
 .debug_aranges
                0x00000160       0x20 e:/eclipse/winavr/bin/../lib/gcc/avr/4.3.3/avr5\libgcc.a(_fpcmp_parts_sf.o)

.debug_pubnames
                0x00000000      0x1d4
 *(.debug_pubnames)
 .debug_pubnames
                0x00000000       0x23 e:/eclipse/winavr/bin/../lib/gcc/avr/4.3.3/avr5\libgcc.a(_fixunssfsi.o)
 .debug_pubnames
                0x00000023       0x2c e:/eclipse/winavr/bin/../lib/gcc/avr/4.3.3/avr5\libgcc.a(_addsub_sf.o)
 .debug_pubnames
                0x0000004f       0x1f e:/eclipse/winavr/bin/../lib/gcc/avr/4.3.3/avr5\libgcc.a(_mul_sf.o)
 .debug_pubnames
                0x0000006e       0x1f e:/eclipse/winavr/bin/../lib/gcc/avr/4.3.3/avr5\libgcc.a(_div_sf.o)
 .debug_pubnames
                0x0000008d       0x1e e:/eclipse/winavr/bin/../lib/gcc/avr/4.3.3/avr5\libgcc.a(_ge_sf.o)
 .debug_pubnames
                0x000000ab       0x1e e:/eclipse/winavr/bin/../lib/gcc/avr/4.3.3/avr5\libgcc.a(_le_sf.o)
 .debug_pubnames
                0x000000c9       0x20 e:/eclipse/winavr/bin/../lib/gcc/avr/4.3.3/avr5\libgcc.a(_sf_to_si.o)
 .debug_pubnames
                0x000000e9       0x22 e:/eclipse/winavr/bin/../lib/gcc/avr/4.3.3/avr5\libgcc.a(_thenan_sf.o)
 .debug_pubnames
                0x0000010b       0x24 e:/eclipse/winavr/bin/../lib/gcc/avr/4.3.3/avr5\libgcc.a(_usi_to_sf.o)
 .debug_pubnames
                0x0000012f       0x1f e:/eclipse/winavr/bin/../lib/gcc/avr/4.3.3/avr5\libgcc.a(_clzsi2.o)
 .debug_pubnames
                0x0000014e       0x1f e:/eclipse/winavr/bin/../lib/gcc/avr/4.3.3/avr5\libgcc.a(_pack_sf.o)
 .debug_pubnames
                0x0000016d       0x21 e:/eclipse/winavr/bin/../lib/gcc/avr/4.3.3/avr5\libgcc.a(_unpack_sf.o)
 .debug_pubnames
                0x0000018e       0x26 e:/eclipse/winavr/bin/../lib/gcc/avr/4.3.3/avr5\libgcc.a(_fpcmp_parts_sf.o)
 .debug_pubnames
                0x000001b4       0x20 e:/eclipse/winavr/bin/../lib/gcc/avr/4.3.3/avr5\libgcc.a(_clz.o)

.debug_info     0x00000000     0x218c
 *(.debug_info)
 .debug_info    0x00000000       0xb1 e:/eclipse/winavr/bin/../lib/gcc/avr/4.3.3/avr5\libgcc.a(_fixunssfsi.o)
 .debug_info    0x000000b1      0x47a e:/eclipse/winavr/bin/../lib/gcc/avr/4.3.3/avr5\libgcc.a(_addsub_sf.o)
 .debug_info    0x0000052b      0x485 e:/eclipse/winavr/bin/../lib/gcc/avr/4.3.3/avr5\libgcc.a(_mul_sf.o)
 .debug_info    0x000009b0      0x3fc e:/eclipse/winavr/bin/../lib/gcc/avr/4.3.3/avr5\libgcc.a(_div_sf.o)
 .debug_info    0x00000dac      0x27f e:/eclipse/winavr/bin/../lib/gcc/avr/4.3.3/avr5\libgcc.a(_ge_sf.o)
 .debug_info    0x0000102b      0x27f e:/eclipse/winavr/bin/../lib/gcc/avr/4.3.3/avr5\libgcc.a(_le_sf.o)
 .debug_info    0x000012aa      0x2b0 e:/eclipse/winavr/bin/../lib/gcc/avr/4.3.3/avr5\libgcc.a(_sf_to_si.o)
 .debug_info    0x0000155a      0x12c e:/eclipse/winavr/bin/../lib/gcc/avr/4.3.3/avr5\libgcc.a(_thenan_sf.o)
 .debug_info    0x00001686      0x206 e:/eclipse/winavr/bin/../lib/gcc/avr/4.3.3/avr5\libgcc.a(_usi_to_sf.o)
 .debug_info    0x0000188c      0x117 e:/eclipse/winavr/bin/../lib/gcc/avr/4.3.3/avr5\libgcc.a(_clzsi2.o)
 .debug_info    0x000019a3      0x2df e:/eclipse/winavr/bin/../lib/gcc/avr/4.3.3/avr5\libgcc.a(_pack_sf.o)
 .debug_info    0x00001c82      0x251 e:/eclipse/winavr/bin/../lib/gcc/avr/4.3.3/avr5\libgcc.a(_unpack_sf.o)
 .debug_info    0x00001ed3      0x210 e:/eclipse/winavr/bin/../lib/gcc/avr/4.3.3/avr5\libgcc.a(_fpcmp_parts_sf.o)
 .debug_info    0x000020e3       0xa9 e:/eclipse/winavr/bin/../lib/gcc/avr/4.3.3/avr5\libgcc.a(_clz.o)
 *(.gnu.linkonce.wi.*)

.debug_abbrev   0x00000000     0x122c
 *(.debug_abbrev)
 .debug_abbrev  0x00000000       0x5d e:/eclipse/winavr/bin/../lib/gcc/avr/4.3.3/avr5\libgcc.a(_fixunssfsi.o)
 .debug_abbrev  0x0000005d      0x1ea e:/eclipse/winavr/bin/../lib/gcc/avr/4.3.3/avr5\libgcc.a(_addsub_sf.o)
 .debug_abbrev  0x00000247      0x21b e:/eclipse/winavr/bin/../lib/gcc/avr/4.3.3/avr5\libgcc.a(_mul_sf.o)
 .debug_abbrev  0x00000462      0x216 e:/eclipse/winavr/bin/../lib/gcc/avr/4.3.3/avr5\libgcc.a(_div_sf.o)
 .debug_abbrev  0x00000678      0x15a e:/eclipse/winavr/bin/../lib/gcc/avr/4.3.3/avr5\libgcc.a(_ge_sf.o)
 .debug_abbrev  0x000007d2      0x15a e:/eclipse/winavr/bin/../lib/gcc/avr/4.3.3/avr5\libgcc.a(_le_sf.o)
 .debug_abbrev  0x0000092c      0x17f e:/eclipse/winavr/bin/../lib/gcc/avr/4.3.3/avr5\libgcc.a(_sf_to_si.o)
 .debug_abbrev  0x00000aab       0xad e:/eclipse/winavr/bin/../lib/gcc/avr/4.3.3/avr5\libgcc.a(_thenan_sf.o)
 .debug_abbrev  0x00000b58      0x157 e:/eclipse/winavr/bin/../lib/gcc/avr/4.3.3/avr5\libgcc.a(_usi_to_sf.o)
 .debug_abbrev  0x00000caf       0xc4 e:/eclipse/winavr/bin/../lib/gcc/avr/4.3.3/avr5\libgcc.a(_clzsi2.o)
 .debug_abbrev  0x00000d73      0x1c0 e:/eclipse/winavr/bin/../lib/gcc/avr/4.3.3/avr5\libgcc.a(_pack_sf.o)
 .debug_abbrev  0x00000f33      0x154 e:/eclipse/winavr/bin/../lib/gcc/avr/4.3.3/avr5\libgcc.a(_unpack_sf.o)
 .debug_abbrev  0x00001087      0x13b e:/eclipse/winavr/bin/../lib/gcc/avr/4.3.3/avr5\libgcc.a(_fpcmp_parts_sf.o)
 .debug_abbrev  0x000011c2       0x6a e:/eclipse/winavr/bin/../lib/gcc/avr/4.3.3/avr5\libgcc.a(_clz.o)

.debug_line     0x00000000     0x1103
 *(.debug_line)
 .debug_line    0x00000000       0xa7 e:/eclipse/winavr/bin/../lib/gcc/avr/4.3.3/avr5\libgcc.a(_fixunssfsi.o)
 .debug_line    0x000000a7      0x2af e:/eclipse/winavr/bin/../lib/gcc/avr/4.3.3/avr5\libgcc.a(_addsub_sf.o)
 .debug_line    0x00000356      0x239 e:/eclipse/winavr/bin/../lib/gcc/avr/4.3.3/avr5\libgcc.a(_mul_sf.o)
 .debug_line    0x0000058f      0x1d5 e:/eclipse/winavr/bin/../lib/gcc/avr/4.3.3/avr5\libgcc.a(_div_sf.o)
 .debug_line    0x00000764       0xd3 e:/eclipse/winavr/bin/../lib/gcc/avr/4.3.3/avr5\libgcc.a(_ge_sf.o)
 .debug_line    0x00000837       0xd3 e:/eclipse/winavr/bin/../lib/gcc/avr/4.3.3/avr5\libgcc.a(_le_sf.o)
 .debug_line    0x0000090a      0x109 e:/eclipse/winavr/bin/../lib/gcc/avr/4.3.3/avr5\libgcc.a(_sf_to_si.o)
 .debug_line    0x00000a13       0x90 e:/eclipse/winavr/bin/../lib/gcc/avr/4.3.3/avr5\libgcc.a(_thenan_sf.o)
 .debug_line    0x00000aa3      0x133 e:/eclipse/winavr/bin/../lib/gcc/avr/4.3.3/avr5\libgcc.a(_usi_to_sf.o)
 .debug_line    0x00000bd6       0xa5 e:/eclipse/winavr/bin/../lib/gcc/avr/4.3.3/avr5\libgcc.a(_clzsi2.o)
 .debug_line    0x00000c7b      0x18a e:/eclipse/winavr/bin/../lib/gcc/avr/4.3.3/avr5\libgcc.a(_pack_sf.o)
 .debug_line    0x00000e05      0x14b e:/eclipse/winavr/bin/../lib/gcc/avr/4.3.3/avr5\libgcc.a(_unpack_sf.o)
 .debug_line    0x00000f50      0x137 e:/eclipse/winavr/bin/../lib/gcc/avr/4.3.3/avr5\libgcc.a(_fpcmp_parts_sf.o)
 .debug_line    0x00001087       0x7c e:/eclipse/winavr/bin/../lib/gcc/avr/4.3.3/avr5\libgcc.a(_clz.o)

.debug_frame    0x00000000      0x1a0
 *(.debug_frame)
 .debug_frame   0x00000000       0x20 e:/eclipse/winavr/bin/../lib/gcc/avr/4.3.3/avr5\libgcc.a(_fixunssfsi.o)
 .debug_frame   0x00000020       0x40 e:/eclipse/winavr/bin/../lib/gcc/avr/4.3.3/avr5\libgcc.a(_addsub_sf.o)
 .debug_frame   0x00000060       0x20 e:/eclipse/winavr/bin/../lib/gcc/avr/4.3.3/avr5\libgcc.a(_mul_sf.o)
 .debug_frame   0x00000080       0x20 e:/eclipse/winavr/bin/../lib/gcc/avr/4.3.3/avr5\libgcc.a(_div_sf.o)
 .debug_frame   0x000000a0       0x20 e:/eclipse/winavr/bin/../lib/gcc/avr/4.3.3/avr5\libgcc.a(_ge_sf.o)
 .debug_frame   0x000000c0       0x20 e:/eclipse/winavr/bin/../lib/gcc/avr/4.3.3/avr5\libgcc.a(_le_sf.o)
 .debug_frame   0x000000e0       0x20 e:/eclipse/winavr/bin/../lib/gcc/avr/4.3.3/avr5\libgcc.a(_sf_to_si.o)
 .debug_frame   0x00000100       0x20 e:/eclipse/winavr/bin/../lib/gcc/avr/4.3.3/avr5\libgcc.a(_usi_to_sf.o)
 .debug_frame   0x00000120       0x20 e:/eclipse/winavr/bin/../lib/gcc/avr/4.3.3/avr5\libgcc.a(_clzsi2.o)
 .debug_frame   0x00000140       0x20 e:/eclipse/winavr/bin/../lib/gcc/avr/4.3.3/avr5\libgcc.a(_pack_sf.o)
 .debug_frame   0x00000160       0x20 e:/eclipse/winavr/bin/../lib/gcc/avr/4.3.3/avr5\libgcc.a(_unpack_sf.o)
 .debug_frame   0x00000180       0x20 e:/eclipse/winavr/bin/../lib/gcc/avr/4.3.3/avr5\libgcc.a(_fpcmp_parts_sf.o)

.debug_str      0x00000000      0x2ee
 *(.debug_str)
 .debug_str     0x00000000       0xbf e:/eclipse/winavr/bin/../lib/gcc/avr/4.3.3/avr5\libgcc.a(_fixunssfsi.o)
                                 0xfe (size before relaxing)
 .debug_str     0x000000bf      0x14d e:/eclipse/winavr/bin/../lib/gcc/avr/4.3.3/avr5\libgcc.a(_addsub_sf.o)
                                0x206 (size before relaxing)
 .debug_str     0x0000020c       0x27 e:/eclipse/winavr/bin/../lib/gcc/avr/4.3.3/avr5\libgcc.a(_mul_sf.o)
                                0x1bf (size before relaxing)
 .debug_str     0x00000233       0x35 e:/eclipse/winavr/bin/../lib/gcc/avr/4.3.3/avr5\libgcc.a(_div_sf.o)
                                0x1c8 (size before relaxing)
 .debug_str     0x00000268        0x8 e:/eclipse/winavr/bin/../lib/gcc/avr/4.3.3/avr5\libgcc.a(_ge_sf.o)
                                0x195 (size before relaxing)
 .debug_str     0x00000270        0x8 e:/eclipse/winavr/bin/../lib/gcc/avr/4.3.3/avr5\libgcc.a(_le_sf.o)
                                0x195 (size before relaxing)
 .debug_str     0x00000278        0xa e:/eclipse/winavr/bin/../lib/gcc/avr/4.3.3/avr5\libgcc.a(_sf_to_si.o)
                                0x19e (size before relaxing)
 .debug_str     0x00000000      0x103 e:/eclipse/winavr/bin/../lib/gcc/avr/4.3.3/avr5\libgcc.a(_thenan_sf.o)
 .debug_str     0x00000282       0x21 e:/eclipse/winavr/bin/../lib/gcc/avr/4.3.3/avr5\libgcc.a(_usi_to_sf.o)
                                0x177 (size before relaxing)
 .debug_str     0x000002a3       0x20 e:/eclipse/winavr/bin/../lib/gcc/avr/4.3.3/avr5\libgcc.a(_clzsi2.o)
                                0x111 (size before relaxing)
 .debug_str     0x000002c3       0x10 e:/eclipse/winavr/bin/../lib/gcc/avr/4.3.3/avr5\libgcc.a(_pack_sf.o)
                                0x19d (size before relaxing)
 .debug_str     0x000002d3        0xb e:/eclipse/winavr/bin/../lib/gcc/avr/4.3.3/avr5\libgcc.a(_unpack_sf.o)
                                0x17f (size before relaxing)
 .debug_str     0x000002de       0x10 e:/eclipse/winavr/bin/../lib/gcc/avr/4.3.3/avr5\libgcc.a(_fpcmp_parts_sf.o)
                                0x163 (size before relaxing)
 .debug_str     0x00000000       0xf4 e:/eclipse/winavr/bin/../lib/gcc/avr/4.3.3/avr5\libgcc.a(_clz.o)

.debug_loc      0x00000000      0x932
 *(.debug_loc)
 .debug_loc     0x00000000       0x34 e:/eclipse/winavr/bin/../lib/gcc/avr/4.3.3/avr5\libgcc.a(_fixunssfsi.o)
 .debug_loc     0x00000034      0x32a e:/eclipse/winavr/bin/../lib/gcc/avr/4.3.3/avr5\libgcc.a(_addsub_sf.o)
 .debug_loc     0x0000035e      0x104 e:/eclipse/winavr/bin/../lib/gcc/avr/4.3.3/avr5\libgcc.a(_mul_sf.o)
 .debug_loc     0x00000462       0xc0 e:/eclipse/winavr/bin/../lib/gcc/avr/4.3.3/avr5\libgcc.a(_div_sf.o)
 .debug_loc     0x00000522       0x3c e:/eclipse/winavr/bin/../lib/gcc/avr/4.3.3/avr5\libgcc.a(_ge_sf.o)
 .debug_loc     0x0000055e       0x3c e:/eclipse/winavr/bin/../lib/gcc/avr/4.3.3/avr5\libgcc.a(_le_sf.o)
 .debug_loc     0x0000059a       0x7e e:/eclipse/winavr/bin/../lib/gcc/avr/4.3.3/avr5\libgcc.a(_sf_to_si.o)
 .debug_loc     0x00000618       0x4c e:/eclipse/winavr/bin/../lib/gcc/avr/4.3.3/avr5\libgcc.a(_usi_to_sf.o)
 .debug_loc     0x00000664       0x94 e:/eclipse/winavr/bin/../lib/gcc/avr/4.3.3/avr5\libgcc.a(_clzsi2.o)
 .debug_loc     0x000006f8      0x13e e:/eclipse/winavr/bin/../lib/gcc/avr/4.3.3/avr5\libgcc.a(_pack_sf.o)
 .debug_loc     0x00000836       0xac e:/eclipse/winavr/bin/../lib/gcc/avr/4.3.3/avr5\libgcc.a(_unpack_sf.o)
 .debug_loc     0x000008e2       0x50 e:/eclipse/winavr/bin/../lib/gcc/avr/4.3.3/avr5\libgcc.a(_fpcmp_parts_sf.o)

.debug_macinfo
 *(.debug_macinfo)
OUTPUT(D52-SMP.elf elf32-avr)
LOAD linker stubs

.debug_ranges   0x00000000       0x50
 .debug_ranges  0x00000000       0x50 e:/eclipse/winavr/bin/../lib/gcc/avr/4.3.3/avr5\libgcc.a(_mul_sf.o)
